Component: Arm Compiler for Embedded 6.19 Tool: armlink [5e73cb00]

==============================================================================

Section Cross References

    main.o(.ARM.exidx.text.SystemClock_Config) refers to main.o(.text.SystemClock_Config) for [Anonymous Symbol]
    main.o(.ARM.exidx.text.delay) refers to main.o(.text.delay) for [Anonymous Symbol]
    main.o(.text.main) refers to stm32f4xx_hal_gpio.o(.text.HAL_GPIO_Init) for HAL_GPIO_Init
    main.o(.text.main) refers to stm32f4xx_hal_gpio.o(.text.HAL_GPIO_WritePin) for HAL_GPIO_WritePin
    main.o(.text.main) refers to stm32f4xx_hal_gpio.o(.text.HAL_GPIO_TogglePin) for HAL_GPIO_TogglePin
    main.o(.ARM.exidx.text.main) refers to main.o(.text.main) for [Anonymous Symbol]
    buttons_f4discovery.o(.text.Buttons_Initialize) refers to stm32f4xx_hal_gpio.o(.text.HAL_GPIO_Init) for HAL_GPIO_Init
    buttons_f4discovery.o(.ARM.exidx.text.Buttons_Initialize) refers to buttons_f4discovery.o(.text.Buttons_Initialize) for [Anonymous Symbol]
    buttons_f4discovery.o(.text.Buttons_Uninitialize) refers to stm32f4xx_hal_gpio.o(.text.HAL_GPIO_DeInit) for HAL_GPIO_DeInit
    buttons_f4discovery.o(.ARM.exidx.text.Buttons_Uninitialize) refers to buttons_f4discovery.o(.text.Buttons_Uninitialize) for [Anonymous Symbol]
    buttons_f4discovery.o(.text.Buttons_GetState) refers to stm32f4xx_hal_gpio.o(.text.HAL_GPIO_ReadPin) for HAL_GPIO_ReadPin
    buttons_f4discovery.o(.ARM.exidx.text.Buttons_GetState) refers to buttons_f4discovery.o(.text.Buttons_GetState) for [Anonymous Symbol]
    buttons_f4discovery.o(.ARM.exidx.text.Buttons_GetCount) refers to buttons_f4discovery.o(.text.Buttons_GetCount) for [Anonymous Symbol]
    stm32f4xx_hal.o(.text.HAL_Init) refers to stm32f4xx_hal_cortex.o(.text.HAL_NVIC_SetPriorityGrouping) for HAL_NVIC_SetPriorityGrouping
    stm32f4xx_hal.o(.text.HAL_Init) refers to stm32f4xx_hal.o(.text.HAL_InitTick) for HAL_InitTick
    stm32f4xx_hal.o(.text.HAL_Init) refers to stm32f4xx_hal.o(.text.HAL_MspInit) for HAL_MspInit
    stm32f4xx_hal.o(.ARM.exidx.text.HAL_Init) refers to stm32f4xx_hal.o(.text.HAL_Init) for [Anonymous Symbol]
    stm32f4xx_hal.o(.text.HAL_InitTick) refers to stm32f4xx_hal.o(.data.uwTickFreq) for uwTickFreq
    stm32f4xx_hal.o(.text.HAL_InitTick) refers to system_stm32f4xx.o(.data.SystemCoreClock) for SystemCoreClock
    stm32f4xx_hal.o(.text.HAL_InitTick) refers to stm32f4xx_hal_cortex.o(.text.HAL_SYSTICK_Config) for HAL_SYSTICK_Config
    stm32f4xx_hal.o(.text.HAL_InitTick) refers to stm32f4xx_hal_cortex.o(.text.HAL_NVIC_SetPriority) for HAL_NVIC_SetPriority
    stm32f4xx_hal.o(.text.HAL_InitTick) refers to stm32f4xx_hal.o(.data.uwTickPrio) for uwTickPrio
    stm32f4xx_hal.o(.ARM.exidx.text.HAL_InitTick) refers to stm32f4xx_hal.o(.text.HAL_InitTick) for [Anonymous Symbol]
    stm32f4xx_hal.o(.ARM.exidx.text.HAL_MspInit) refers to stm32f4xx_hal.o(.text.HAL_MspInit) for [Anonymous Symbol]
    stm32f4xx_hal.o(.text.HAL_DeInit) refers to stm32f4xx_hal.o(.text.HAL_MspDeInit) for HAL_MspDeInit
    stm32f4xx_hal.o(.ARM.exidx.text.HAL_DeInit) refers to stm32f4xx_hal.o(.text.HAL_DeInit) for [Anonymous Symbol]
    stm32f4xx_hal.o(.ARM.exidx.text.HAL_MspDeInit) refers to stm32f4xx_hal.o(.text.HAL_MspDeInit) for [Anonymous Symbol]
    stm32f4xx_hal.o(.text.HAL_IncTick) refers to stm32f4xx_hal.o(.data.uwTickFreq) for uwTickFreq
    stm32f4xx_hal.o(.text.HAL_IncTick) refers to stm32f4xx_hal.o(.bss.uwTick) for uwTick
    stm32f4xx_hal.o(.ARM.exidx.text.HAL_IncTick) refers to stm32f4xx_hal.o(.text.HAL_IncTick) for [Anonymous Symbol]
    stm32f4xx_hal.o(.text.HAL_GetTick) refers to stm32f4xx_hal.o(.bss.uwTick) for uwTick
    stm32f4xx_hal.o(.ARM.exidx.text.HAL_GetTick) refers to stm32f4xx_hal.o(.text.HAL_GetTick) for [Anonymous Symbol]
    stm32f4xx_hal.o(.text.HAL_GetTickPrio) refers to stm32f4xx_hal.o(.data.uwTickPrio) for uwTickPrio
    stm32f4xx_hal.o(.ARM.exidx.text.HAL_GetTickPrio) refers to stm32f4xx_hal.o(.text.HAL_GetTickPrio) for [Anonymous Symbol]
    stm32f4xx_hal.o(.text.HAL_SetTickFreq) refers to stm32f4xx_hal.o(.data.uwTickFreq) for uwTickFreq
    stm32f4xx_hal.o(.text.HAL_SetTickFreq) refers to stm32f4xx_hal.o(.data.uwTickPrio) for uwTickPrio
    stm32f4xx_hal.o(.text.HAL_SetTickFreq) refers to stm32f4xx_hal.o(.text.HAL_InitTick) for HAL_InitTick
    stm32f4xx_hal.o(.ARM.exidx.text.HAL_SetTickFreq) refers to stm32f4xx_hal.o(.text.HAL_SetTickFreq) for [Anonymous Symbol]
    stm32f4xx_hal.o(.text.HAL_GetTickFreq) refers to stm32f4xx_hal.o(.data.uwTickFreq) for uwTickFreq
    stm32f4xx_hal.o(.ARM.exidx.text.HAL_GetTickFreq) refers to stm32f4xx_hal.o(.text.HAL_GetTickFreq) for [Anonymous Symbol]
    stm32f4xx_hal.o(.text.HAL_Delay) refers to stm32f4xx_hal.o(.text.HAL_GetTick) for HAL_GetTick
    stm32f4xx_hal.o(.text.HAL_Delay) refers to stm32f4xx_hal.o(.data.uwTickFreq) for uwTickFreq
[...]
    rt_raise.o(.text) refers to __raise.o(.text) for __raise
    rt_raise.o(.text) refers to sys_exit.o(.text) for _sys_exit
    defsig_exit.o(.text) refers to sys_exit.o(.text) for _sys_exit
    defsig_fpe_inner.o(.text) refers to defsig_general.o(.text) for __default_signal_display
    libinit2.o(.ARM.Collect$$libinit$$00000001) refers to fpinit.o(x$fpl$fpinit) for _fp_init
    libinit2.o(.ARM.Collect$$libinit$$00000012) refers to libinit2.o(.ARM.Collect$$libinit$$00000011) for .ARM.Collect$$libinit$$00000011
    libinit2.o(.ARM.Collect$$libinit$$00000014) refers to libinit2.o(.ARM.Collect$$libinit$$00000011) for .ARM.Collect$$libinit$$00000011
    libinit2.o(.ARM.Collect$$libinit$$00000016) refers to libinit2.o(.ARM.Collect$$libinit$$00000011) for .ARM.Collect$$libinit$$00000011
    libinit2.o(.ARM.Collect$$libinit$$00000018) refers to libinit2.o(.ARM.Collect$$libinit$$00000011) for .ARM.Collect$$libinit$$00000011
    libinit2.o(.ARM.Collect$$libinit$$0000001A) refers to libinit2.o(.ARM.Collect$$libinit$$00000011) for .ARM.Collect$$libinit$$00000011
    libinit2.o(.ARM.Collect$$libinit$$00000028) refers to argv_veneer.o(.emb_text) for __ARM_argv_veneer
    libinit2.o(.ARM.Collect$$libinit$$00000029) refers to argv_veneer.o(.emb_text) for __ARM_argv_veneer
    sys_exit.o(.text) refers (Special) to use_no_semi.o(.text) for __I$use$semihosting
    sys_exit.o(.text) refers (Special) to indicate_semi.o(.text) for __semihosting_library_function
    sys_exit_hlt.o(.text) refers (Special) to use_no_semi.o(.text) for __I$use$semihosting
    sys_exit_hlt.o(.text) refers (Special) to indicate_semi.o(.text) for __semihosting_library_function
    rtexit2.o(.ARM.Collect$$rtexit$$00000003) refers to libshutdown.o(.ARM.Collect$$libshutdown$$00000000) for __rt_lib_shutdown
    rtexit2.o(.ARM.Collect$$rtexit$$00000004) refers to sys_exit.o(.text) for _sys_exit
    rtexit2.o(.ARM.exidx) refers to rtexit2.o(.ARM.Collect$$rtexit$$00000001) for .ARM.Collect$$rtexit$$00000001
    rtexit2.o(.ARM.exidx) refers to rtexit2.o(.ARM.Collect$$rtexit$$00000003) for .ARM.Collect$$rtexit$$00000003
    rtexit2.o(.ARM.exidx) refers to rtexit2.o(.ARM.Collect$$rtexit$$00000004) for .ARM.Collect$$rtexit$$00000004
    __raise.o(.text) refers to defsig.o(CL$$defsig) for __default_signal_handler
    defsig_general.o(.text) refers to sys_wrch.o(.text) for _ttywrch
    argv_veneer.o(.emb_text) refers to no_argv.o(.text) for __ARM_get_argv
    sys_wrch.o(.text) refers (Special) to use_no_semi.o(.text) for __I$use$semihosting
    sys_wrch.o(.text) refers (Special) to indicate_semi.o(.text) for __semihosting_library_function
    sys_wrch_hlt.o(.text) refers (Special) to use_no_semi.o(.text) for __I$use$semihosting
    sys_wrch_hlt.o(.text) refers (Special) to indicate_semi.o(.text) for __semihosting_library_function
    defsig.o(CL$$defsig) refers to defsig_fpe_inner.o(.text) for __rt_SIGFPE_inner
    defsig.o(CL$$defsig) refers to defsig_rtmem_inner.o(.text) for __rt_SIGRTMEM_inner
    _get_argv_nomalloc.o(.text) refers (Special) to hrguard.o(.text) for __heap_region$guard
    _get_argv_nomalloc.o(.text) refers to defsig_rtmem_outer.o(.text) for __rt_SIGRTMEM
    _get_argv_nomalloc.o(.text) refers to sys_command.o(.text) for _sys_command_string
    libshutdown.o(.ARM.Collect$$libshutdown$$00000000) refers (Special) to libshutdown2.o(.ARM.Collect$$libshutdown$$00000002) for __rt_lib_shutdown_cpp_1
    libshutdown.o(.ARM.Collect$$libshutdown$$00000000) refers (Special) to libshutdown2.o(.ARM.Collect$$libshutdown$$00000007) for __rt_lib_shutdown_fp_trap_1
    libshutdown.o(.ARM.Collect$$libshutdown$$00000000) refers (Special) to libshutdown2.o(.ARM.Collect$$libshutdown$$0000000F) for __rt_lib_shutdown_heap_1
    libshutdown.o(.ARM.Collect$$libshutdown$$00000000) refers (Special) to libshutdown2.o(.ARM.Collect$$libshutdown$$00000010) for __rt_lib_shutdown_return
    libshutdown.o(.ARM.Collect$$libshutdown$$00000000) refers (Special) to libshutdown2.o(.ARM.Collect$$libshutdown$$0000000A) for __rt_lib_shutdown_signal_1
    libshutdown.o(.ARM.Collect$$libshutdown$$00000000) refers (Special) to libshutdown2.o(.ARM.Collect$$libshutdown$$00000004) for __rt_lib_shutdown_stdio_1
    libshutdown.o(.ARM.Collect$$libshutdown$$00000000) refers (Special) to libshutdown2.o(.ARM.Collect$$libshutdown$$0000000C) for __rt_lib_shutdown_user_alloc_1
    sys_command.o(.text) refers (Special) to use_no_semi.o(.text) for __I$use$semihosting
    sys_command.o(.text) refers (Special) to indicate_semi.o(.text) for __semihosting_library_function
    sys_command_hlt.o(.text) refers (Special) to use_no_semi.o(.text) for __I$use$semihosting
    sys_command_hlt.o(.text) refers (Special) to indicate_semi.o(.text) for __semihosting_library_function
    defsig_abrt_inner.o(.text) refers to defsig_general.o(.text) for __default_signal_display
    defsig_rtred_inner.o(.text) refers to defsig_general.o(.text) for __default_signal_display
    defsig_rtmem_inner.o(.text) refers to defsig_general.o(.text) for __default_signal_display
    defsig_rtmem_outer.o(.text) refers to defsig_rtmem_inner.o(.text) for __rt_SIGRTMEM_inner
    defsig_rtmem_outer.o(.text) refers to defsig_exit.o(.text) for __sig_exit
    defsig_rtmem_formal.o(.text) refers to rt_raise.o(.text) for __rt_raise
    defsig_stak_inner.o(.text) refers to defsig_general.o(.text) for __default_signal_display
    defsig_pvfn_inner.o(.text) refers to defsig_general.o(.text) for __default_signal_display
    defsig_cppl_inner.o(.text) refers to defsig_general.o(.text) for __default_signal_display
    defsig_segv_inner.o(.text) refers to defsig_general.o(.text) for __default_signal_display
    defsig_other.o(.text) refers to defsig_general.o(.text) for __default_signal_display


==============================================================================

Removing Unused input sections from the image.

    Removing main.o(.text), (0 bytes).
    Removing main.o(.text.SystemClock_Config), (2 bytes).
    Removing main.o(.ARM.exidx.text.SystemClock_Config), (8 bytes).
    Removing main.o(.text.delay), (28 bytes).
    Removing main.o(.ARM.exidx.text.delay), (8 bytes).
    Removing main.o(.ARM.exidx.text.main), (8 bytes).
    Removing main.o(.bss.etm_tc_idx), (4 bytes).
    Removing main.o(.bss.etm_exit), (4 bytes).
    Removing main.o(.non_init), (2004 bytes).
    Removing main.o(.ARM.use_no_argv), (4 bytes).
    Removing semihost_hardfault.o(.text), (0 bytes).
    Removing buttons_f4discovery.o(.text), (0 bytes).
    Removing buttons_f4discovery.o(.text.Buttons_Initialize), (60 bytes).
    Removing buttons_f4discovery.o(.ARM.exidx.text.Buttons_Initialize), (8 bytes).
    Removing buttons_f4discovery.o(.text.Buttons_Uninitialize), (18 bytes).
    Removing buttons_f4discovery.o(.ARM.exidx.text.Buttons_Uninitialize), (8 bytes).
    Removing buttons_f4discovery.o(.text.Buttons_GetState), (24 bytes).
    Removing buttons_f4discovery.o(.ARM.exidx.text.Buttons_GetState), (8 bytes).
    Removing buttons_f4discovery.o(.text.Buttons_GetCount), (4 bytes).
    Removing buttons_f4discovery.o(.ARM.exidx.text.Buttons_GetCount), (8 bytes).
    Removing stm32f4xx_hal.o(.text), (0 bytes).
    Removing stm32f4xx_hal.o(.text.HAL_Init), (46 bytes).
    Removing stm32f4xx_hal.o(.ARM.exidx.text.HAL_Init), (8 bytes).
    Removing stm32f4xx_hal.o(.text.HAL_InitTick), (80 bytes).
    Removing stm32f4xx_hal.o(.ARM.exidx.text.HAL_InitTick), (8 bytes).
    Removing stm32f4xx_hal.o(.text.HAL_MspInit), (2 bytes).
    Removing stm32f4xx_hal.o(.ARM.exidx.text.HAL_MspInit), (8 bytes).
    Removing stm32f4xx_hal.o(.text.HAL_DeInit), (44 bytes).
    Removing stm32f4xx_hal.o(.ARM.exidx.text.HAL_DeInit), (8 bytes).
    Removing stm32f4xx_hal.o(.text.HAL_MspDeInit), (2 bytes).
    Removing stm32f4xx_hal.o(.ARM.exidx.text.HAL_MspDeInit), (8 bytes).
    Removing stm32f4xx_hal.o(.text.HAL_IncTick), (26 bytes).
    Removing stm32f4xx_hal.o(.ARM.exidx.text.HAL_IncTick), (8 bytes).
    Removing stm32f4xx_hal.o(.text.HAL_GetTick), (12 bytes).
    Removing stm32f4xx_hal.o(.ARM.exidx.text.HAL_GetTick), (8 bytes).
    Removing stm32f4xx_hal.o(.text.HAL_GetTickPrio), (12 bytes).
    Removing stm32f4xx_hal.o(.ARM.exidx.text.HAL_GetTickPrio), (8 bytes).
    Removing stm32f4xx_hal.o(.text.HAL_SetTickFreq), (46 bytes).
    Removing stm32f4xx_hal.o(.ARM.exidx.text.HAL_SetTickFreq), (8 bytes).
    Removing stm32f4xx_hal.o(.text.HAL_GetTickFreq), (12 bytes).
    Removing stm32f4xx_hal.o(.ARM.exidx.text.HAL_GetTickFreq), (8 bytes).
    Removing stm32f4xx_hal.o(.text.HAL_Delay), (40 bytes).
    Removing stm32f4xx_hal.o(.ARM.exidx.text.HAL_Delay), (8 bytes).
    Removing stm32f4xx_hal.o(.text.HAL_SuspendTick), (18 bytes).
    Removing stm32f4xx_hal.o(.ARM.exidx.text.HAL_SuspendTick), (8 bytes).
    Removing stm32f4xx_hal.o(.text.HAL_ResumeTick), (18 bytes).
    Removing stm32f4xx_hal.o(.ARM.exidx.text.HAL_ResumeTick), (8 bytes).
    Removing stm32f4xx_hal.o(.text.HAL_GetHalVersion), (10 bytes).
    Removing stm32f4xx_hal.o(.ARM.exidx.text.HAL_GetHalVersion), (8 bytes).
    Removing stm32f4xx_hal.o(.text.HAL_GetREVID), (14 bytes).
    Removing stm32f4xx_hal.o(.ARM.exidx.text.HAL_GetREVID), (8 bytes).
    Removing stm32f4xx_hal.o(.text.HAL_GetDEVID), (16 bytes).
    Removing stm32f4xx_hal.o(.ARM.exidx.text.HAL_GetDEVID), (8 bytes).
    Removing stm32f4xx_hal.o(.text.HAL_DBGMCU_EnableDBGSleepMode), (18 bytes).
    Removing stm32f4xx_hal.o(.ARM.exidx.text.HAL_DBGMCU_EnableDBGSleepMode), (8 bytes).
    Removing stm32f4xx_hal.o(.text.HAL_DBGMCU_DisableDBGSleepMode), (18 bytes).
    Removing stm32f4xx_hal.o(.ARM.exidx.text.HAL_DBGMCU_DisableDBGSleepMode), (8 bytes).
    Removing stm32f4xx_hal.o(.text.HAL_DBGMCU_EnableDBGStopMode), (18 bytes).
    Removing stm32f4xx_hal.o(.ARM.exidx.text.HAL_DBGMCU_EnableDBGStopMode), (8 bytes).
    Removing stm32f4xx_hal.o(.text.HAL_DBGMCU_DisableDBGStopMode), (18 bytes).
    Removing stm32f4xx_hal.o(.ARM.exidx.text.HAL_DBGMCU_DisableDBGStopMode), (8 bytes).
    Removing stm32f4xx_hal.o(.text.HAL_DBGMCU_EnableDBGStandbyMode), (18 bytes).
    Removing stm32f4xx_hal.o(.ARM.exidx.text.HAL_DBGMCU_EnableDBGStandbyMode), (8 bytes).
    Removing stm32f4xx_hal.o(.text.HAL_DBGMCU_DisableDBGStandbyMode), (18 bytes).
    Removing stm32f4xx_hal.o(.ARM.exidx.text.HAL_DBGMCU_DisableDBGStandbyMode), (8 bytes).
    Removing stm32f4xx_hal.o(.text.HAL_EnableCompensationCell), (14 bytes).
    Removing stm32f4xx_hal.o(.ARM.exidx.text.HAL_EnableCompensationCell), (8 bytes).
    Removing stm32f4xx_hal.o(.text.HAL_DisableCompensationCell), (14 bytes).
    Removing stm32f4xx_hal.o(.ARM.exidx.text.HAL_DisableCompensationCell), (8 bytes).
    Removing stm32f4xx_hal.o(.text.HAL_GetUIDw0), (12 bytes).
    Removing stm32f4xx_hal.o(.ARM.exidx.text.HAL_GetUIDw0), (8 bytes).
    Removing stm32f4xx_hal.o(.text.HAL_GetUIDw1), (12 bytes).
    Removing stm32f4xx_hal.o(.ARM.exidx.text.HAL_GetUIDw1), (8 bytes).
    Removing stm32f4xx_hal.o(.text.HAL_GetUIDw2), (12 bytes).
    Removing stm32f4xx_hal.o(.ARM.exidx.text.HAL_GetUIDw2), (8 bytes).
    Removing stm32f4xx_hal.o(.data.uwTickPrio), (4 bytes).
    Removing stm32f4xx_hal.o(.data.uwTickFreq), (1 bytes).
    Removing stm32f4xx_hal.o(.bss.uwTick), (4 bytes).
    Removing stm32f4xx_hal_cortex.o(.text), (0 bytes).
    Removing stm32f4xx_hal_cortex.o(.text.HAL_NVIC_SetPriorityGrouping), (32 bytes).
    Removing stm32f4xx_hal_cortex.o(.ARM.exidx.text.HAL_NVIC_SetPriorityGrouping), (8 bytes).
    Removing stm32f4xx_hal_cortex.o(.text.HAL_NVIC_SetPriority), (86 bytes).
    Removing stm32f4xx_hal_cortex.o(.ARM.exidx.text.HAL_NVIC_SetPriority), (8 bytes).
    Removing stm32f4xx_hal_cortex.o(.text.HAL_NVIC_EnableIRQ), (32 bytes).
    Removing stm32f4xx_hal_cortex.o(.ARM.exidx.text.HAL_NVIC_EnableIRQ), (8 bytes).
    Removing stm32f4xx_hal_cortex.o(.text.HAL_NVIC_DisableIRQ), (40 bytes).
    Removing stm32f4xx_hal_cortex.o(.ARM.exidx.text.HAL_NVIC_DisableIRQ), (8 bytes).
    Removing stm32f4xx_hal_cortex.o(.text.HAL_NVIC_SystemReset), (4 bytes).
    Removing stm32f4xx_hal_cortex.o(.ARM.exidx.text.HAL_NVIC_SystemReset), (8 bytes).
    Removing stm32f4xx_hal_cortex.o(.text.__NVIC_SystemReset), (36 bytes).
    Removing stm32f4xx_hal_cortex.o(.ARM.exidx.text.__NVIC_SystemReset), (8 bytes).
    Removing stm32f4xx_hal_cortex.o(.text.HAL_SYSTICK_Config), (44 bytes).
    Removing stm32f4xx_hal_cortex.o(.ARM.exidx.text.HAL_SYSTICK_Config), (8 bytes).
    Removing stm32f4xx_hal_cortex.o(.text.HAL_MPU_Disable), (26 bytes).
    Removing stm32f4xx_hal_cortex.o(.ARM.exidx.text.HAL_MPU_Disable), (8 bytes).
    Removing stm32f4xx_hal_cortex.o(.text.HAL_MPU_Enable), (32 bytes).
    Removing stm32f4xx_hal_cortex.o(.ARM.exidx.text.HAL_MPU_Enable), (8 bytes).
    Removing stm32f4xx_hal_cortex.o(.text.HAL_MPU_ConfigRegion), (94 bytes).
    Removing stm32f4xx_hal_cortex.o(.ARM.exidx.text.HAL_MPU_ConfigRegion), (8 bytes).
    Removing stm32f4xx_hal_cortex.o(.text.HAL_NVIC_GetPriorityGrouping), (16 bytes).
    Removing stm32f4xx_hal_cortex.o(.ARM.exidx.text.HAL_NVIC_GetPriorityGrouping), (8 bytes).
    Removing stm32f4xx_hal_cortex.o(.text.HAL_NVIC_GetPriority), (90 bytes).
    Removing stm32f4xx_hal_cortex.o(.ARM.exidx.text.HAL_NVIC_GetPriority), (8 bytes).
    Removing stm32f4xx_hal_cortex.o(.text.HAL_NVIC_SetPendingIRQ), (32 bytes).
    Removing stm32f4xx_hal_cortex.o(.ARM.exidx.text.HAL_NVIC_SetPendingIRQ), (8 bytes).
    Removing stm32f4xx_hal_cortex.o(.text.HAL_NVIC_GetPendingIRQ), (36 bytes).
    Removing stm32f4xx_hal_cortex.o(.ARM.exidx.text.HAL_NVIC_GetPendingIRQ), (8 bytes).
    Removing stm32f4xx_hal_cortex.o(.text.HAL_NVIC_ClearPendingIRQ), (32 bytes).
    Removing stm32f4xx_hal_cortex.o(.ARM.exidx.text.HAL_NVIC_ClearPendingIRQ), (8 bytes).
    Removing stm32f4xx_hal_cortex.o(.text.HAL_NVIC_GetActive), (36 bytes).
    Removing stm32f4xx_hal_cortex.o(.ARM.exidx.text.HAL_NVIC_GetActive), (8 bytes).
    Removing stm32f4xx_hal_cortex.o(.text.HAL_SYSTICK_CLKSourceConfig), (24 bytes).
    Removing stm32f4xx_hal_cortex.o(.ARM.exidx.text.HAL_SYSTICK_CLKSourceConfig), (8 bytes).
    Removing stm32f4xx_hal_cortex.o(.text.HAL_SYSTICK_IRQHandler), (4 bytes).
    Removing stm32f4xx_hal_cortex.o(.ARM.exidx.text.HAL_SYSTICK_IRQHandler), (8 bytes).
    Removing stm32f4xx_hal_cortex.o(.text.HAL_SYSTICK_Callback), (2 bytes).
    Removing stm32f4xx_hal_cortex.o(.ARM.exidx.text.HAL_SYSTICK_Callback), (8 bytes).
    Removing stm32f4xx_hal_dma.o(.text), (0 bytes).
    Removing stm32f4xx_hal_dma.o(.text.HAL_DMA_Init), (318 bytes).
    Removing stm32f4xx_hal_dma.o(.ARM.exidx.text.HAL_DMA_Init), (8 bytes).
    Removing stm32f4xx_hal_dma.o(.text.HAL_DMA_DeInit), (138 bytes).
    Removing stm32f4xx_hal_dma.o(.ARM.exidx.text.HAL_DMA_DeInit), (8 bytes).
    Removing stm32f4xx_hal_dma.o(.text.HAL_DMA_Start), (106 bytes).
    Removing stm32f4xx_hal_dma.o(.ARM.exidx.text.HAL_DMA_Start), (8 bytes).
    Removing stm32f4xx_hal_dma.o(.text.HAL_DMA_Start_IT), (156 bytes).
    Removing stm32f4xx_hal_dma.o(.ARM.exidx.text.HAL_DMA_Start_IT), (8 bytes).
    Removing stm32f4xx_hal_dma.o(.text.HAL_DMA_Abort), (128 bytes).
    Removing stm32f4xx_hal_dma.o(.ARM.exidx.text.HAL_DMA_Abort), (8 bytes).
    Removing stm32f4xx_hal_dma.o(.text.HAL_DMA_Abort_IT), (36 bytes).
    Removing stm32f4xx_hal_dma.o(.ARM.exidx.text.HAL_DMA_Abort_IT), (8 bytes).
    Removing stm32f4xx_hal_dma.o(.text.HAL_DMA_PollForTransfer), (340 bytes).
    Removing stm32f4xx_hal_dma.o(.ARM.exidx.text.HAL_DMA_PollForTransfer), (8 bytes).
    Removing stm32f4xx_hal_dma.o(.text.HAL_DMA_IRQHandler), (394 bytes).
    Removing stm32f4xx_hal_dma.o(.ARM.exidx.text.HAL_DMA_IRQHandler), (8 bytes).
    Removing stm32f4xx_hal_dma.o(.text.HAL_DMA_RegisterCallback), (98 bytes).
    Removing stm32f4xx_hal_dma.o(.ARM.exidx.text.HAL_DMA_RegisterCallback), (8 bytes).
    Removing stm32f4xx_hal_dma.o(.text.HAL_DMA_UnRegisterCallback), (104 bytes).
    Removing stm32f4xx_hal_dma.o(.ARM.exidx.text.HAL_DMA_UnRegisterCallback), (8 bytes).
    Removing stm32f4xx_hal_dma.o(.text.HAL_DMA_GetState), (6 bytes).
    Removing stm32f4xx_hal_dma.o(.ARM.exidx.text.HAL_DMA_GetState), (8 bytes).
    Removing stm32f4xx_hal_dma.o(.text.HAL_DMA_GetError), (4 bytes).
    Removing stm32f4xx_hal_dma.o(.ARM.exidx.text.HAL_DMA_GetError), (8 bytes).
    Removing stm32f4xx_hal_dma.o(.rodata.cst8), (8 bytes).
    Removing stm32f4xx_hal_dma_ex.o(.text), (0 bytes).
    Removing stm32f4xx_hal_dma_ex.o(.text.HAL_DMAEx_MultiBufferStart), (112 bytes).
    Removing stm32f4xx_hal_dma_ex.o(.ARM.exidx.text.HAL_DMAEx_MultiBufferStart), (8 bytes).
    Removing stm32f4xx_hal_dma_ex.o(.text.HAL_DMAEx_MultiBufferStart_IT), (1526 bytes).
    Removing stm32f4xx_hal_dma_ex.o(.ARM.exidx.text.HAL_DMAEx_MultiBufferStart_IT), (8 bytes).
    Removing stm32f4xx_hal_dma_ex.o(.text.HAL_DMAEx_ChangeMemory), (20 bytes).
    Removing stm32f4xx_hal_dma_ex.o(.ARM.exidx.text.HAL_DMAEx_ChangeMemory), (8 bytes).
    Removing stm32f4xx_hal_gpio.o(.text), (0 bytes).
    Removing stm32f4xx_hal_gpio.o(.ARM.exidx.text.HAL_GPIO_Init), (8 bytes).
    Removing stm32f4xx_hal_gpio.o(.text.HAL_GPIO_DeInit), (260 bytes).
    Removing stm32f4xx_hal_gpio.o(.ARM.exidx.text.HAL_GPIO_DeInit), (8 bytes).
    Removing stm32f4xx_hal_gpio.o(.text.HAL_GPIO_ReadPin), (10 bytes).
    Removing stm32f4xx_hal_gpio.o(.ARM.exidx.text.HAL_GPIO_ReadPin), (8 bytes).
    Removing stm32f4xx_hal_gpio.o(.ARM.exidx.text.HAL_GPIO_WritePin), (8 bytes).
    Removing stm32f4xx_hal_gpio.o(.ARM.exidx.text.HAL_GPIO_TogglePin), (8 bytes).
    Removing stm32f4xx_hal_gpio.o(.text.HAL_GPIO_LockPin), (40 bytes).
    Removing stm32f4xx_hal_gpio.o(.ARM.exidx.text.HAL_GPIO_LockPin), (8 bytes).
    Removing stm32f4xx_hal_gpio.o(.text.HAL_GPIO_EXTI_IRQHandler), (22 bytes).
    Removing stm32f4xx_hal_gpio.o(.ARM.exidx.text.HAL_GPIO_EXTI_IRQHandler), (8 bytes).
    Removing stm32f4xx_hal_gpio.o(.text.HAL_GPIO_EXTI_Callback), (2 bytes).
    Removing stm32f4xx_hal_gpio.o(.ARM.exidx.text.HAL_GPIO_EXTI_Callback), (8 bytes).
    Removing stm32f4xx_hal_i2c.o(.text), (0 bytes).
    Removing stm32f4xx_hal_i2c.o(.text.HAL_I2C_Init), (408 bytes).
    Removing stm32f4xx_hal_i2c.o(.ARM.exidx.text.HAL_I2C_Init), (8 bytes).
    Removing stm32f4xx_hal_i2c.o(.text.HAL_I2C_MspInit), (2 bytes).
    Removing stm32f4xx_hal_i2c.o(.ARM.exidx.text.HAL_I2C_MspInit), (8 bytes).
    Removing stm32f4xx_hal_i2c.o(.text.HAL_I2C_DeInit), (54 bytes).
    Removing stm32f4xx_hal_i2c.o(.ARM.exidx.text.HAL_I2C_DeInit), (8 bytes).
    Removing stm32f4xx_hal_i2c.o(.text.HAL_I2C_MspDeInit), (2 bytes).
    Removing stm32f4xx_hal_i2c.o(.ARM.exidx.text.HAL_I2C_MspDeInit), (8 bytes).
    Removing stm32f4xx_hal_i2c.o(.text.HAL_I2C_Master_Transmit), (930 bytes).
    Removing stm32f4xx_hal_i2c.o(.ARM.exidx.text.HAL_I2C_Master_Transmit), (8 bytes).
    Removing stm32f4xx_hal_i2c.o(.text.I2C_WaitOnFlagUntilTimeout), (116 bytes).
    Removing stm32f4xx_hal_i2c.o(.ARM.exidx.text.I2C_WaitOnFlagUntilTimeout), (8 bytes).
    Removing stm32f4xx_hal_i2c.o(.text.I2C_WaitOnBTFFlagUntilTimeout), (106 bytes).
    Removing stm32f4xx_hal_i2c.o(.ARM.exidx.text.I2C_WaitOnBTFFlagUntilTimeout), (8 bytes).
    Removing stm32f4xx_hal_i2c.o(.text.HAL_I2C_Master_Receive), (1416 bytes).
    Removing stm32f4xx_hal_i2c.o(.ARM.exidx.text.HAL_I2C_Master_Receive), (8 bytes).
    Removing stm32f4xx_hal_i2c.o(.text.HAL_I2C_Slave_Transmit), (580 bytes).
    Removing stm32f4xx_hal_i2c.o(.ARM.exidx.text.HAL_I2C_Slave_Transmit), (8 bytes).
    Removing stm32f4xx_hal_i2c.o(.text.HAL_I2C_Slave_Receive), (540 bytes).
    Removing stm32f4xx_hal_i2c.o(.ARM.exidx.text.HAL_I2C_Slave_Receive), (8 bytes).
    Removing stm32f4xx_hal_i2c.o(.text.HAL_I2C_Master_Transmit_IT), (276 bytes).
    Removing stm32f4xx_hal_i2c.o(.ARM.exidx.text.HAL_I2C_Master_Transmit_IT), (8 bytes).
    Removing stm32f4xx_hal_i2c.o(.text.HAL_I2C_Master_Receive_IT), (288 bytes).
    Removing stm32f4xx_hal_i2c.o(.ARM.exidx.text.HAL_I2C_Master_Receive_IT), (8 bytes).
    Removing stm32f4xx_hal_i2c.o(.text.HAL_I2C_Slave_Transmit_IT), (142 bytes).
    Removing stm32f4xx_hal_i2c.o(.ARM.exidx.text.HAL_I2C_Slave_Transmit_IT), (8 bytes).
    Removing stm32f4xx_hal_i2c.o(.text.HAL_I2C_Slave_Receive_IT), (142 bytes).
    Removing stm32f4xx_hal_i2c.o(.ARM.exidx.text.HAL_I2C_Slave_Receive_IT), (8 bytes).
    Removing stm32f4xx_hal_i2c.o(.text.HAL_I2C_Master_Transmit_DMA), (356 bytes).
    Removing stm32f4xx_hal_i2c.o(.ARM.exidx.text.HAL_I2C_Master_Transmit_DMA), (8 bytes).
    Removing stm32f4xx_hal_i2c.o(.text.I2C_DMAXferCplt), (288 bytes).
    Removing stm32f4xx_hal_i2c.o(.ARM.exidx.text.I2C_DMAXferCplt), (8 bytes).
    Removing stm32f4xx_hal_i2c.o(.text.I2C_DMAError), (76 bytes).
    Removing stm32f4xx_hal_i2c.o(.ARM.exidx.text.I2C_DMAError), (8 bytes).
    Removing stm32f4xx_hal_i2c.o(.text.HAL_I2C_Master_Receive_DMA), (352 bytes).
    Removing stm32f4xx_hal_i2c.o(.ARM.exidx.text.HAL_I2C_Master_Receive_DMA), (8 bytes).
    Removing stm32f4xx_hal_i2c.o(.text.HAL_I2C_Slave_Transmit_DMA), (246 bytes).
    Removing stm32f4xx_hal_i2c.o(.ARM.exidx.text.HAL_I2C_Slave_Transmit_DMA), (8 bytes).
    Removing stm32f4xx_hal_i2c.o(.text.HAL_I2C_Slave_Receive_DMA), (238 bytes).
    Removing stm32f4xx_hal_i2c.o(.ARM.exidx.text.HAL_I2C_Slave_Receive_DMA), (8 bytes).
    Removing stm32f4xx_hal_i2c.o(.text.HAL_I2C_Mem_Write), (404 bytes).
    Removing stm32f4xx_hal_i2c.o(.ARM.exidx.text.HAL_I2C_Mem_Write), (8 bytes).
    Removing stm32f4xx_hal_i2c.o(.text.I2C_RequestMemoryWrite), (466 bytes).
    Removing stm32f4xx_hal_i2c.o(.ARM.exidx.text.I2C_RequestMemoryWrite), (8 bytes).
    Removing stm32f4xx_hal_i2c.o(.text.HAL_I2C_Mem_Read), (908 bytes).
    Removing stm32f4xx_hal_i2c.o(.ARM.exidx.text.HAL_I2C_Mem_Read), (8 bytes).
    Removing stm32f4xx_hal_i2c.o(.text.I2C_RequestMemoryRead), (590 bytes).
    Removing stm32f4xx_hal_i2c.o(.ARM.exidx.text.I2C_RequestMemoryRead), (8 bytes).
    Removing stm32f4xx_hal_i2c.o(.text.HAL_I2C_Mem_Write_IT), (244 bytes).
    Removing stm32f4xx_hal_i2c.o(.ARM.exidx.text.HAL_I2C_Mem_Write_IT), (8 bytes).
    Removing stm32f4xx_hal_i2c.o(.text.HAL_I2C_Mem_Read_IT), (262 bytes).
    Removing stm32f4xx_hal_i2c.o(.ARM.exidx.text.HAL_I2C_Mem_Read_IT), (8 bytes).
    Removing stm32f4xx_hal_i2c.o(.text.HAL_I2C_Mem_Write_DMA), (424 bytes).
    Removing stm32f4xx_hal_i2c.o(.ARM.exidx.text.HAL_I2C_Mem_Write_DMA), (8 bytes).
    Removing stm32f4xx_hal_i2c.o(.text.HAL_I2C_Mem_Read_DMA), (494 bytes).
    Removing stm32f4xx_hal_i2c.o(.ARM.exidx.text.HAL_I2C_Mem_Read_DMA), (8 bytes).
    Removing stm32f4xx_hal_i2c.o(.text.HAL_I2C_IsDeviceReady), (584 bytes).
    Removing stm32f4xx_hal_i2c.o(.ARM.exidx.text.HAL_I2C_IsDeviceReady), (8 bytes).
    Removing stm32f4xx_hal_i2c.o(.text.HAL_I2C_Master_Seq_Transmit_IT), (278 bytes).
    Removing stm32f4xx_hal_i2c.o(.ARM.exidx.text.HAL_I2C_Master_Seq_Transmit_IT), (8 bytes).
    Removing stm32f4xx_hal_i2c.o(.text.HAL_I2C_Master_Seq_Transmit_DMA), (424 bytes).
    Removing stm32f4xx_hal_i2c.o(.ARM.exidx.text.HAL_I2C_Master_Seq_Transmit_DMA), (8 bytes).
    Removing stm32f4xx_hal_i2c.o(.text.HAL_I2C_Master_Seq_Receive_IT), (342 bytes).
    Removing stm32f4xx_hal_i2c.o(.ARM.exidx.text.HAL_I2C_Master_Seq_Receive_IT), (8 bytes).
    Removing stm32f4xx_hal_i2c.o(.text.HAL_I2C_Master_Seq_Receive_DMA), (516 bytes).
    Removing stm32f4xx_hal_i2c.o(.ARM.exidx.text.HAL_I2C_Master_Seq_Receive_DMA), (8 bytes).
    Removing stm32f4xx_hal_i2c.o(.text.HAL_I2C_Slave_Seq_Transmit_IT), (172 bytes).
    Removing stm32f4xx_hal_i2c.o(.ARM.exidx.text.HAL_I2C_Slave_Seq_Transmit_IT), (8 bytes).
    Removing stm32f4xx_hal_i2c.o(.text.HAL_I2C_Slave_Seq_Transmit_DMA), (358 bytes).
    Removing stm32f4xx_hal_i2c.o(.ARM.exidx.text.HAL_I2C_Slave_Seq_Transmit_DMA), (8 bytes).
    Removing stm32f4xx_hal_i2c.o(.text.I2C_DMAAbort), (228 bytes).
    Removing stm32f4xx_hal_i2c.o(.ARM.exidx.text.I2C_DMAAbort), (8 bytes).
    Removing stm32f4xx_hal_i2c.o(.text.HAL_I2C_Slave_Seq_Receive_IT), (172 bytes).
    Removing stm32f4xx_hal_i2c.o(.ARM.exidx.text.HAL_I2C_Slave_Seq_Receive_IT), (8 bytes).
    Removing stm32f4xx_hal_i2c.o(.text.HAL_I2C_Slave_Seq_Receive_DMA), (356 bytes).
    Removing stm32f4xx_hal_i2c.o(.ARM.exidx.text.HAL_I2C_Slave_Seq_Receive_DMA), (8 bytes).
    Removing stm32f4xx_hal_i2c.o(.text.HAL_I2C_EnableListen_IT), (54 bytes).
    Removing stm32f4xx_hal_i2c.o(.ARM.exidx.text.HAL_I2C_EnableListen_IT), (8 bytes).
    Removing stm32f4xx_hal_i2c.o(.text.HAL_I2C_DisableListen_IT), (64 bytes).
    Removing stm32f4xx_hal_i2c.o(.ARM.exidx.text.HAL_I2C_DisableListen_IT), (8 bytes).
    Removing stm32f4xx_hal_i2c.o(.text.HAL_I2C_Master_Abort_IT), (80 bytes).
    Removing stm32f4xx_hal_i2c.o(.ARM.exidx.text.HAL_I2C_Master_Abort_IT), (8 bytes).
    Removing stm32f4xx_hal_i2c.o(.text.I2C_ITError), (346 bytes).
    Removing stm32f4xx_hal_i2c.o(.ARM.exidx.text.I2C_ITError), (8 bytes).
    Removing stm32f4xx_hal_i2c.o(.text.HAL_I2C_EV_IRQHandler), (1468 bytes).
    Removing stm32f4xx_hal_i2c.o(.ARM.exidx.text.HAL_I2C_EV_IRQHandler), (8 bytes).
    Removing stm32f4xx_hal_i2c.o(.text.I2C_MasterTransmit_TXE), (176 bytes).
    Removing stm32f4xx_hal_i2c.o(.ARM.exidx.text.I2C_MasterTransmit_TXE), (8 bytes).
    Removing stm32f4xx_hal_i2c.o(.text.I2C_MasterTransmit_BTF), (128 bytes).
    Removing stm32f4xx_hal_i2c.o(.ARM.exidx.text.I2C_MasterTransmit_BTF), (8 bytes).
    Removing stm32f4xx_hal_i2c.o(.text.I2C_MemoryTransmit_TXE_BTF), (168 bytes).
    Removing stm32f4xx_hal_i2c.o(.ARM.exidx.text.I2C_MemoryTransmit_TXE_BTF), (8 bytes).
    Removing stm32f4xx_hal_i2c.o(.text.I2C_MasterReceive_RXNE), (266 bytes).
    Removing stm32f4xx_hal_i2c.o(.ARM.exidx.text.I2C_MasterReceive_RXNE), (8 bytes).
    Removing stm32f4xx_hal_i2c.o(.text.I2C_MasterReceive_BTF), (226 bytes).
    Removing stm32f4xx_hal_i2c.o(.ARM.exidx.text.I2C_MasterReceive_BTF), (8 bytes).
    Removing stm32f4xx_hal_i2c.o(.text.HAL_I2C_ER_IRQHandler), (310 bytes).
    Removing stm32f4xx_hal_i2c.o(.ARM.exidx.text.HAL_I2C_ER_IRQHandler), (8 bytes).
    Removing stm32f4xx_hal_i2c.o(.text.HAL_I2C_MasterTxCpltCallback), (2 bytes).
    Removing stm32f4xx_hal_i2c.o(.ARM.exidx.text.HAL_I2C_MasterTxCpltCallback), (8 bytes).
    Removing stm32f4xx_hal_i2c.o(.text.HAL_I2C_MasterRxCpltCallback), (2 bytes).
    Removing stm32f4xx_hal_i2c.o(.ARM.exidx.text.HAL_I2C_MasterRxCpltCallback), (8 bytes).
    Removing stm32f4xx_hal_i2c.o(.text.HAL_I2C_SlaveTxCpltCallback), (2 bytes).
    Removing stm32f4xx_hal_i2c.o(.ARM.exidx.text.HAL_I2C_SlaveTxCpltCallback), (8 bytes).
    Removing stm32f4xx_hal_i2c.o(.text.HAL_I2C_SlaveRxCpltCallback), (2 bytes).
    Removing stm32f4xx_hal_i2c.o(.ARM.exidx.text.HAL_I2C_SlaveRxCpltCallback), (8 bytes).
    Removing stm32f4xx_hal_i2c.o(.text.HAL_I2C_AddrCallback), (2 bytes).
    Removing stm32f4xx_hal_i2c.o(.ARM.exidx.text.HAL_I2C_AddrCallback), (8 bytes).
    Removing stm32f4xx_hal_i2c.o(.text.HAL_I2C_ListenCpltCallback), (2 bytes).
    Removing stm32f4xx_hal_i2c.o(.ARM.exidx.text.HAL_I2C_ListenCpltCallback), (8 bytes).
    Removing stm32f4xx_hal_i2c.o(.text.HAL_I2C_MemTxCpltCallback), (2 bytes).
    Removing stm32f4xx_hal_i2c.o(.ARM.exidx.text.HAL_I2C_MemTxCpltCallback), (8 bytes).
    Removing stm32f4xx_hal_i2c.o(.text.HAL_I2C_MemRxCpltCallback), (2 bytes).
    Removing stm32f4xx_hal_i2c.o(.ARM.exidx.text.HAL_I2C_MemRxCpltCallback), (8 bytes).
    Removing stm32f4xx_hal_i2c.o(.text.HAL_I2C_ErrorCallback), (2 bytes).
    Removing stm32f4xx_hal_i2c.o(.ARM.exidx.text.HAL_I2C_ErrorCallback), (8 bytes).
    Removing stm32f4xx_hal_i2c.o(.text.HAL_I2C_AbortCpltCallback), (2 bytes).
    Removing stm32f4xx_hal_i2c.o(.ARM.exidx.text.HAL_I2C_AbortCpltCallback), (8 bytes).
    Removing stm32f4xx_hal_i2c.o(.text.HAL_I2C_GetState), (6 bytes).
    Removing stm32f4xx_hal_i2c.o(.ARM.exidx.text.HAL_I2C_GetState), (8 bytes).
    Removing stm32f4xx_hal_i2c.o(.text.HAL_I2C_GetMode), (6 bytes).
    Removing stm32f4xx_hal_i2c.o(.ARM.exidx.text.HAL_I2C_GetMode), (8 bytes).
    Removing stm32f4xx_hal_i2c.o(.text.HAL_I2C_GetError), (4 bytes).
    Removing stm32f4xx_hal_i2c.o(.ARM.exidx.text.HAL_I2C_GetError), (8 bytes).
    Removing stm32f4xx_hal_i2c.o(.text.I2C_WaitOnMasterAddressFlagUntilTimeout), (122 bytes).
    Removing stm32f4xx_hal_i2c.o(.ARM.exidx.text.I2C_WaitOnMasterAddressFlagUntilTimeout), (8 bytes).
    Removing stm32f4xx_hal_pwr.o(.text), (0 bytes).
    Removing stm32f4xx_hal_pwr.o(.text.HAL_PWR_DeInit), (26 bytes).
    Removing stm32f4xx_hal_pwr.o(.ARM.exidx.text.HAL_PWR_DeInit), (8 bytes).
    Removing stm32f4xx_hal_pwr.o(.text.HAL_PWR_EnableBkUpAccess), (30 bytes).
    Removing stm32f4xx_hal_pwr.o(.ARM.exidx.text.HAL_PWR_EnableBkUpAccess), (8 bytes).
    Removing stm32f4xx_hal_pwr.o(.text.HAL_PWR_DisableBkUpAccess), (30 bytes).
    Removing stm32f4xx_hal_pwr.o(.ARM.exidx.text.HAL_PWR_DisableBkUpAccess), (8 bytes).
    Removing stm32f4xx_hal_pwr.o(.text.HAL_PWR_ConfigPVD), (128 bytes).
    Removing stm32f4xx_hal_pwr.o(.ARM.exidx.text.HAL_PWR_ConfigPVD), (8 bytes).
    Removing stm32f4xx_hal_pwr.o(.text.HAL_PWR_EnablePVD), (12 bytes).
    Removing stm32f4xx_hal_pwr.o(.ARM.exidx.text.HAL_PWR_EnablePVD), (8 bytes).
    Removing stm32f4xx_hal_pwr.o(.text.HAL_PWR_DisablePVD), (12 bytes).
    Removing stm32f4xx_hal_pwr.o(.ARM.exidx.text.HAL_PWR_DisablePVD), (8 bytes).
    Removing stm32f4xx_hal_pwr.o(.text.HAL_PWR_EnableWakeUpPin), (16 bytes).
    Removing stm32f4xx_hal_pwr.o(.ARM.exidx.text.HAL_PWR_EnableWakeUpPin), (8 bytes).
    Removing stm32f4xx_hal_pwr.o(.text.HAL_PWR_DisableWakeUpPin), (18 bytes).
    Removing stm32f4xx_hal_pwr.o(.ARM.exidx.text.HAL_PWR_DisableWakeUpPin), (8 bytes).
    Removing stm32f4xx_hal_pwr.o(.text.HAL_PWR_EnterSLEEPMode), (30 bytes).
    Removing stm32f4xx_hal_pwr.o(.ARM.exidx.text.HAL_PWR_EnterSLEEPMode), (8 bytes).
    Removing stm32f4xx_hal_pwr.o(.text.HAL_PWR_EnterSTOPMode), (60 bytes).
    Removing stm32f4xx_hal_pwr.o(.ARM.exidx.text.HAL_PWR_EnterSTOPMode), (8 bytes).
    Removing stm32f4xx_hal_pwr.o(.text.HAL_PWR_EnterSTANDBYMode), (36 bytes).
    Removing stm32f4xx_hal_pwr.o(.ARM.exidx.text.HAL_PWR_EnterSTANDBYMode), (8 bytes).
    Removing stm32f4xx_hal_pwr.o(.text.HAL_PWR_PVD_IRQHandler), (30 bytes).
    Removing stm32f4xx_hal_pwr.o(.ARM.exidx.text.HAL_PWR_PVD_IRQHandler), (8 bytes).
    Removing stm32f4xx_hal_pwr.o(.text.HAL_PWR_PVDCallback), (2 bytes).
    Removing stm32f4xx_hal_pwr.o(.ARM.exidx.text.HAL_PWR_PVDCallback), (8 bytes).
    Removing stm32f4xx_hal_pwr.o(.text.HAL_PWR_EnableSleepOnExit), (18 bytes).
    Removing stm32f4xx_hal_pwr.o(.ARM.exidx.text.HAL_PWR_EnableSleepOnExit), (8 bytes).
    Removing stm32f4xx_hal_pwr.o(.text.HAL_PWR_DisableSleepOnExit), (18 bytes).
    Removing stm32f4xx_hal_pwr.o(.ARM.exidx.text.HAL_PWR_DisableSleepOnExit), (8 bytes).
    Removing stm32f4xx_hal_pwr.o(.text.HAL_PWR_EnableSEVOnPend), (18 bytes).
    Removing stm32f4xx_hal_pwr.o(.ARM.exidx.text.HAL_PWR_EnableSEVOnPend), (8 bytes).
    Removing stm32f4xx_hal_pwr.o(.text.HAL_PWR_DisableSEVOnPend), (18 bytes).
    Removing stm32f4xx_hal_pwr.o(.ARM.exidx.text.HAL_PWR_DisableSEVOnPend), (8 bytes).
    Removing stm32f4xx_hal_pwr_ex.o(.text), (0 bytes).
    Removing stm32f4xx_hal_pwr_ex.o(.text.HAL_PWREx_EnableBkUpReg), (54 bytes).
    Removing stm32f4xx_hal_pwr_ex.o(.ARM.exidx.text.HAL_PWREx_EnableBkUpReg), (8 bytes).
    Removing stm32f4xx_hal_pwr_ex.o(.text.HAL_PWREx_DisableBkUpReg), (54 bytes).
    Removing stm32f4xx_hal_pwr_ex.o(.ARM.exidx.text.HAL_PWREx_DisableBkUpReg), (8 bytes).
    Removing stm32f4xx_hal_pwr_ex.o(.text.HAL_PWREx_EnableFlashPowerDown), (12 bytes).
    Removing stm32f4xx_hal_pwr_ex.o(.ARM.exidx.text.HAL_PWREx_EnableFlashPowerDown), (8 bytes).
    Removing stm32f4xx_hal_pwr_ex.o(.text.HAL_PWREx_DisableFlashPowerDown), (12 bytes).
    Removing stm32f4xx_hal_pwr_ex.o(.ARM.exidx.text.HAL_PWREx_DisableFlashPowerDown), (8 bytes).
    Removing stm32f4xx_hal_pwr_ex.o(.text.HAL_PWREx_GetVoltageRange), (16 bytes).
    Removing stm32f4xx_hal_pwr_ex.o(.ARM.exidx.text.HAL_PWREx_GetVoltageRange), (8 bytes).
    Removing stm32f4xx_hal_pwr_ex.o(.text.HAL_PWREx_ControlVoltageScaling), (102 bytes).
    Removing stm32f4xx_hal_pwr_ex.o(.ARM.exidx.text.HAL_PWREx_ControlVoltageScaling), (8 bytes).
    Removing stm32f4xx_hal_rcc.o(.text), (0 bytes).
    Removing stm32f4xx_hal_rcc.o(.text.HAL_RCC_DeInit), (4 bytes).
    Removing stm32f4xx_hal_rcc.o(.ARM.exidx.text.HAL_RCC_DeInit), (8 bytes).
    Removing stm32f4xx_hal_rcc.o(.text.HAL_RCC_OscConfig), (836 bytes).
    Removing stm32f4xx_hal_rcc.o(.ARM.exidx.text.HAL_RCC_OscConfig), (8 bytes).
    Removing stm32f4xx_hal_rcc.o(.text.HAL_RCC_ClockConfig), (352 bytes).
    Removing stm32f4xx_hal_rcc.o(.ARM.exidx.text.HAL_RCC_ClockConfig), (8 bytes).
    Removing stm32f4xx_hal_rcc.o(.text.HAL_RCC_GetSysClockFreq), (104 bytes).
    Removing stm32f4xx_hal_rcc.o(.ARM.exidx.text.HAL_RCC_GetSysClockFreq), (8 bytes).
    Removing stm32f4xx_hal_rcc.o(.text.HAL_RCC_MCOConfig), (160 bytes).
    Removing stm32f4xx_hal_rcc.o(.ARM.exidx.text.HAL_RCC_MCOConfig), (8 bytes).
    Removing stm32f4xx_hal_rcc.o(.text.HAL_RCC_EnableCSS), (12 bytes).
    Removing stm32f4xx_hal_rcc.o(.ARM.exidx.text.HAL_RCC_EnableCSS), (8 bytes).
    Removing stm32f4xx_hal_rcc.o(.text.HAL_RCC_DisableCSS), (12 bytes).
    Removing stm32f4xx_hal_rcc.o(.ARM.exidx.text.HAL_RCC_DisableCSS), (8 bytes).
    Removing stm32f4xx_hal_rcc.o(.text.HAL_RCC_GetHCLKFreq), (12 bytes).
    Removing stm32f4xx_hal_rcc.o(.ARM.exidx.text.HAL_RCC_GetHCLKFreq), (8 bytes).
    Removing stm32f4xx_hal_rcc.o(.text.HAL_RCC_GetPCLK1Freq), (38 bytes).
    Removing stm32f4xx_hal_rcc.o(.ARM.exidx.text.HAL_RCC_GetPCLK1Freq), (8 bytes).
    Removing stm32f4xx_hal_rcc.o(.text.HAL_RCC_GetPCLK2Freq), (38 bytes).
    Removing stm32f4xx_hal_rcc.o(.ARM.exidx.text.HAL_RCC_GetPCLK2Freq), (8 bytes).
    Removing stm32f4xx_hal_rcc.o(.text.HAL_RCC_GetOscConfig), (152 bytes).
    Removing stm32f4xx_hal_rcc.o(.ARM.exidx.text.HAL_RCC_GetOscConfig), (8 bytes).
    Removing stm32f4xx_hal_rcc.o(.text.HAL_RCC_GetClockConfig), (62 bytes).
    Removing stm32f4xx_hal_rcc.o(.ARM.exidx.text.HAL_RCC_GetClockConfig), (8 bytes).
    Removing stm32f4xx_hal_rcc.o(.text.HAL_RCC_NMI_IRQHandler), (28 bytes).
    Removing stm32f4xx_hal_rcc.o(.ARM.exidx.text.HAL_RCC_NMI_IRQHandler), (8 bytes).
    Removing stm32f4xx_hal_rcc.o(.text.HAL_RCC_CSSCallback), (2 bytes).
    Removing stm32f4xx_hal_rcc.o(.ARM.exidx.text.HAL_RCC_CSSCallback), (8 bytes).
    Removing stm32f4xx_hal_rcc_ex.o(.text), (0 bytes).
    Removing stm32f4xx_hal_rcc_ex.o(.text.HAL_RCCEx_PeriphCLKConfig), (326 bytes).
    Removing stm32f4xx_hal_rcc_ex.o(.ARM.exidx.text.HAL_RCCEx_PeriphCLKConfig), (8 bytes).
    Removing stm32f4xx_hal_rcc_ex.o(.text.HAL_RCCEx_GetPeriphCLKConfig), (50 bytes).
    Removing stm32f4xx_hal_rcc_ex.o(.ARM.exidx.text.HAL_RCCEx_GetPeriphCLKConfig), (8 bytes).
    Removing stm32f4xx_hal_rcc_ex.o(.text.HAL_RCCEx_GetPeriphCLKFreq), (78 bytes).
    Removing stm32f4xx_hal_rcc_ex.o(.ARM.exidx.text.HAL_RCCEx_GetPeriphCLKFreq), (8 bytes).
    Removing stm32f4xx_hal_rcc_ex.o(.text.HAL_RCCEx_EnablePLLI2S), (104 bytes).
    Removing stm32f4xx_hal_rcc_ex.o(.ARM.exidx.text.HAL_RCCEx_EnablePLLI2S), (8 bytes).
    Removing stm32f4xx_hal_rcc_ex.o(.text.HAL_RCCEx_DisablePLLI2S), (52 bytes).
    Removing stm32f4xx_hal_rcc_ex.o(.ARM.exidx.text.HAL_RCCEx_DisablePLLI2S), (8 bytes).
    Removing stm32f4xx_hal_rcc_ex.o(.text.HAL_RCC_DeInit), (290 bytes).
    Removing stm32f4xx_hal_rcc_ex.o(.ARM.exidx.text.HAL_RCC_DeInit), (8 bytes).
    Removing stm32f4xx_hal_uart.o(.text), (0 bytes).
    Removing stm32f4xx_hal_uart.o(.text.HAL_UART_Init), (94 bytes).
    Removing stm32f4xx_hal_uart.o(.ARM.exidx.text.HAL_UART_Init), (8 bytes).
    Removing stm32f4xx_hal_uart.o(.text.HAL_UART_MspInit), (2 bytes).
    Removing stm32f4xx_hal_uart.o(.ARM.exidx.text.HAL_UART_MspInit), (8 bytes).
    Removing stm32f4xx_hal_uart.o(.text.UART_SetConfig), (234 bytes).
    Removing stm32f4xx_hal_uart.o(.ARM.exidx.text.UART_SetConfig), (8 bytes).
    Removing stm32f4xx_hal_uart.o(.text.HAL_HalfDuplex_Init), (102 bytes).
    Removing stm32f4xx_hal_uart.o(.ARM.exidx.text.HAL_HalfDuplex_Init), (8 bytes).
    Removing stm32f4xx_hal_uart.o(.text.HAL_LIN_Init), (118 bytes).
    Removing stm32f4xx_hal_uart.o(.ARM.exidx.text.HAL_LIN_Init), (8 bytes).
    Removing stm32f4xx_hal_uart.o(.text.HAL_MultiProcessor_Init), (126 bytes).
    Removing stm32f4xx_hal_uart.o(.ARM.exidx.text.HAL_MultiProcessor_Init), (8 bytes).
    Removing stm32f4xx_hal_uart.o(.text.HAL_UART_DeInit), (54 bytes).
    Removing stm32f4xx_hal_uart.o(.ARM.exidx.text.HAL_UART_DeInit), (8 bytes).
    Removing stm32f4xx_hal_uart.o(.text.HAL_UART_MspDeInit), (2 bytes).
    Removing stm32f4xx_hal_uart.o(.ARM.exidx.text.HAL_UART_MspDeInit), (8 bytes).
    Removing stm32f4xx_hal_uart.o(.text.HAL_UART_Transmit), (376 bytes).
    Removing stm32f4xx_hal_uart.o(.ARM.exidx.text.HAL_UART_Transmit), (8 bytes).
    Removing stm32f4xx_hal_uart.o(.text.HAL_UART_Receive), (310 bytes).
    Removing stm32f4xx_hal_uart.o(.ARM.exidx.text.HAL_UART_Receive), (8 bytes).
    Removing stm32f4xx_hal_uart.o(.text.HAL_UART_Transmit_IT), (68 bytes).
    Removing stm32f4xx_hal_uart.o(.ARM.exidx.text.HAL_UART_Transmit_IT), (8 bytes).
    Removing stm32f4xx_hal_uart.o(.text.HAL_UART_Receive_IT), (96 bytes).
    Removing stm32f4xx_hal_uart.o(.ARM.exidx.text.HAL_UART_Receive_IT), (8 bytes).
    Removing stm32f4xx_hal_uart.o(.text.UART_Start_Receive_IT), (56 bytes).
    Removing stm32f4xx_hal_uart.o(.ARM.exidx.text.UART_Start_Receive_IT), (8 bytes).
    Removing stm32f4xx_hal_uart.o(.text.HAL_UART_Transmit_DMA), (140 bytes).
    Removing stm32f4xx_hal_uart.o(.ARM.exidx.text.HAL_UART_Transmit_DMA), (8 bytes).
    Removing stm32f4xx_hal_uart.o(.text.UART_DMATransmitCplt), (62 bytes).
    Removing stm32f4xx_hal_uart.o(.ARM.exidx.text.UART_DMATransmitCplt), (8 bytes).
    Removing stm32f4xx_hal_uart.o(.text.UART_DMATxHalfCplt), (6 bytes).
    Removing stm32f4xx_hal_uart.o(.ARM.exidx.text.UART_DMATxHalfCplt), (8 bytes).
    Removing stm32f4xx_hal_uart.o(.text.UART_DMAError), (162 bytes).
    Removing stm32f4xx_hal_uart.o(.ARM.exidx.text.UART_DMAError), (8 bytes).
    Removing stm32f4xx_hal_uart.o(.text.HAL_UART_Receive_DMA), (56 bytes).
    Removing stm32f4xx_hal_uart.o(.ARM.exidx.text.HAL_UART_Receive_DMA), (8 bytes).
    Removing stm32f4xx_hal_uart.o(.text.UART_Start_Receive_DMA), (154 bytes).
    Removing stm32f4xx_hal_uart.o(.ARM.exidx.text.UART_Start_Receive_DMA), (8 bytes).
    Removing stm32f4xx_hal_uart.o(.text.HAL_UART_DMAPause), (146 bytes).
    Removing stm32f4xx_hal_uart.o(.ARM.exidx.text.HAL_UART_DMAPause), (8 bytes).
    Removing stm32f4xx_hal_uart.o(.text.HAL_UART_DMAResume), (148 bytes).
    Removing stm32f4xx_hal_uart.o(.ARM.exidx.text.HAL_UART_DMAResume), (8 bytes).
    Removing stm32f4xx_hal_uart.o(.text.HAL_UART_DMAStop), (214 bytes).
    Removing stm32f4xx_hal_uart.o(.ARM.exidx.text.HAL_UART_DMAStop), (8 bytes).
    Removing stm32f4xx_hal_uart.o(.text.HAL_UARTEx_ReceiveToIdle), (268 bytes).
    Removing stm32f4xx_hal_uart.o(.ARM.exidx.text.HAL_UARTEx_ReceiveToIdle), (8 bytes).
    Removing stm32f4xx_hal_uart.o(.text.HAL_UARTEx_ReceiveToIdle_IT), (148 bytes).
    Removing stm32f4xx_hal_uart.o(.ARM.exidx.text.HAL_UARTEx_ReceiveToIdle_IT), (8 bytes).
    Removing stm32f4xx_hal_uart.o(.text.HAL_UARTEx_ReceiveToIdle_DMA), (108 bytes).
    Removing stm32f4xx_hal_uart.o(.ARM.exidx.text.HAL_UARTEx_ReceiveToIdle_DMA), (8 bytes).
    Removing stm32f4xx_hal_uart.o(.text.HAL_UART_Abort), (206 bytes).
    Removing stm32f4xx_hal_uart.o(.ARM.exidx.text.HAL_UART_Abort), (8 bytes).
    Removing stm32f4xx_hal_uart.o(.text.HAL_UART_AbortTransmit), (96 bytes).
    Removing stm32f4xx_hal_uart.o(.ARM.exidx.text.HAL_UART_AbortTransmit), (8 bytes).
    Removing stm32f4xx_hal_uart.o(.text.HAL_UART_AbortReceive), (146 bytes).
    Removing stm32f4xx_hal_uart.o(.ARM.exidx.text.HAL_UART_AbortReceive), (8 bytes).
    Removing stm32f4xx_hal_uart.o(.text.HAL_UART_Abort_IT), (248 bytes).
    Removing stm32f4xx_hal_uart.o(.ARM.exidx.text.HAL_UART_Abort_IT), (8 bytes).
    Removing stm32f4xx_hal_uart.o(.text.UART_DMATxAbortCallback), (42 bytes).
    Removing stm32f4xx_hal_uart.o(.ARM.exidx.text.UART_DMATxAbortCallback), (8 bytes).
    Removing stm32f4xx_hal_uart.o(.text.UART_DMARxAbortCallback), (42 bytes).
    Removing stm32f4xx_hal_uart.o(.ARM.exidx.text.UART_DMARxAbortCallback), (8 bytes).
    Removing stm32f4xx_hal_uart.o(.text.HAL_UART_AbortCpltCallback), (2 bytes).
    Removing stm32f4xx_hal_uart.o(.ARM.exidx.text.HAL_UART_AbortCpltCallback), (8 bytes).
    Removing stm32f4xx_hal_uart.o(.text.HAL_UART_AbortTransmit_IT), (124 bytes).
    Removing stm32f4xx_hal_uart.o(.ARM.exidx.text.HAL_UART_AbortTransmit_IT), (8 bytes).
    Removing stm32f4xx_hal_uart.o(.text.UART_DMATxOnlyAbortCallback), (16 bytes).
    Removing stm32f4xx_hal_uart.o(.ARM.exidx.text.UART_DMATxOnlyAbortCallback), (8 bytes).
    Removing stm32f4xx_hal_uart.o(.text.HAL_UART_AbortTransmitCpltCallback), (2 bytes).
    Removing stm32f4xx_hal_uart.o(.ARM.exidx.text.HAL_UART_AbortTransmitCpltCallback), (8 bytes).
    Removing stm32f4xx_hal_uart.o(.text.HAL_UART_AbortReceive_IT), (178 bytes).
    Removing stm32f4xx_hal_uart.o(.ARM.exidx.text.HAL_UART_AbortReceive_IT), (8 bytes).
    Removing stm32f4xx_hal_uart.o(.text.UART_DMARxOnlyAbortCallback), (18 bytes).
    Removing stm32f4xx_hal_uart.o(.ARM.exidx.text.UART_DMARxOnlyAbortCallback), (8 bytes).
    Removing stm32f4xx_hal_uart.o(.text.HAL_UART_AbortReceiveCpltCallback), (2 bytes).
    Removing stm32f4xx_hal_uart.o(.ARM.exidx.text.HAL_UART_AbortReceiveCpltCallback), (8 bytes).
    Removing stm32f4xx_hal_uart.o(.text.HAL_UART_IRQHandler), (766 bytes).
    Removing stm32f4xx_hal_uart.o(.ARM.exidx.text.HAL_UART_IRQHandler), (8 bytes).
    Removing stm32f4xx_hal_uart.o(.text.UART_Receive_IT), (190 bytes).
    Removing stm32f4xx_hal_uart.o(.ARM.exidx.text.UART_Receive_IT), (8 bytes).
    Removing stm32f4xx_hal_uart.o(.text.UART_DMAAbortOnError), (12 bytes).
    Removing stm32f4xx_hal_uart.o(.ARM.exidx.text.UART_DMAAbortOnError), (8 bytes).
    Removing stm32f4xx_hal_uart.o(.text.HAL_UART_ErrorCallback), (2 bytes).
    Removing stm32f4xx_hal_uart.o(.ARM.exidx.text.HAL_UART_ErrorCallback), (8 bytes).
    Removing stm32f4xx_hal_uart.o(.text.HAL_UARTEx_RxEventCallback), (2 bytes).
    Removing stm32f4xx_hal_uart.o(.ARM.exidx.text.HAL_UARTEx_RxEventCallback), (8 bytes).
    Removing stm32f4xx_hal_uart.o(.text.HAL_UART_TxCpltCallback), (2 bytes).
    Removing stm32f4xx_hal_uart.o(.ARM.exidx.text.HAL_UART_TxCpltCallback), (8 bytes).
    Removing stm32f4xx_hal_uart.o(.text.HAL_UART_TxHalfCpltCallback), (2 bytes).
    Removing stm32f4xx_hal_uart.o(.ARM.exidx.text.HAL_UART_TxHalfCpltCallback), (8 bytes).
    Removing stm32f4xx_hal_uart.o(.text.HAL_UART_RxCpltCallback), (2 bytes).
    Removing stm32f4xx_hal_uart.o(.ARM.exidx.text.HAL_UART_RxCpltCallback), (8 bytes).
    Removing stm32f4xx_hal_uart.o(.text.HAL_UART_RxHalfCpltCallback), (2 bytes).
    Removing stm32f4xx_hal_uart.o(.ARM.exidx.text.HAL_UART_RxHalfCpltCallback), (8 bytes).
    Removing stm32f4xx_hal_uart.o(.text.HAL_LIN_SendBreak), (60 bytes).
    Removing stm32f4xx_hal_uart.o(.ARM.exidx.text.HAL_LIN_SendBreak), (8 bytes).
    Removing stm32f4xx_hal_uart.o(.text.HAL_MultiProcessor_EnterMuteMode), (60 bytes).
    Removing stm32f4xx_hal_uart.o(.ARM.exidx.text.HAL_MultiProcessor_EnterMuteMode), (8 bytes).
    Removing stm32f4xx_hal_uart.o(.text.HAL_MultiProcessor_ExitMuteMode), (60 bytes).
    Removing stm32f4xx_hal_uart.o(.ARM.exidx.text.HAL_MultiProcessor_ExitMuteMode), (8 bytes).
    Removing stm32f4xx_hal_uart.o(.text.HAL_HalfDuplex_EnableTransmitter), (44 bytes).
    Removing stm32f4xx_hal_uart.o(.ARM.exidx.text.HAL_HalfDuplex_EnableTransmitter), (8 bytes).
    Removing stm32f4xx_hal_uart.o(.text.HAL_HalfDuplex_EnableReceiver), (46 bytes).
    Removing stm32f4xx_hal_uart.o(.ARM.exidx.text.HAL_HalfDuplex_EnableReceiver), (8 bytes).
    Removing stm32f4xx_hal_uart.o(.text.HAL_UART_GetState), (14 bytes).
    Removing stm32f4xx_hal_uart.o(.ARM.exidx.text.HAL_UART_GetState), (8 bytes).
    Removing stm32f4xx_hal_uart.o(.text.HAL_UART_GetError), (4 bytes).
    Removing stm32f4xx_hal_uart.o(.ARM.exidx.text.HAL_UART_GetError), (8 bytes).
    Removing stm32f4xx_hal_uart.o(.text.UART_DMAReceiveCplt), (124 bytes).
    Removing stm32f4xx_hal_uart.o(.ARM.exidx.text.UART_DMAReceiveCplt), (8 bytes).
    Removing stm32f4xx_hal_uart.o(.text.UART_DMARxHalfCplt), (20 bytes).
    Removing stm32f4xx_hal_uart.o(.ARM.exidx.text.UART_DMARxHalfCplt), (8 bytes).
    Removing system_stm32f4xx.o(.text), (0 bytes).
    Removing system_stm32f4xx.o(.ARM.exidx.text.SystemInit), (8 bytes).
    Removing system_stm32f4xx.o(.text.SystemCoreClockUpdate), (134 bytes).
    Removing system_stm32f4xx.o(.ARM.exidx.text.SystemCoreClockUpdate), (8 bytes).
    Removing system_stm32f4xx.o(.data.SystemCoreClock), (4 bytes).
    Removing system_stm32f4xx.o(.rodata.AHBPrescTable), (16 bytes).
    Removing system_stm32f4xx.o(.rodata.APBPrescTable), (8 bytes).

501 unused section(s) (total 35811 bytes) removed from the image.

==============================================================================

Image Symbol Table

    Local Symbols

    Symbol Name                              Value     Ov Type        Size  Object(Section)

    ../clib/angel/boardlib.s                 0x00000000   Number         0  boardinit1.o ABSOLUTE
    ../clib/angel/boardlib.s                 0x00000000   Number         0  boardinit2.o ABSOLUTE
    ../clib/angel/boardlib.s                 0x00000000   Number         0  boardinit3.o ABSOLUTE
    ../clib/angel/boardlib.s                 0x00000000   Number         0  boardshut.o ABSOLUTE
    ../clib/angel/handlers.s                 0x00000000   Number         0  __scatter_zi.o ABSOLUTE
    ../clib/angel/kernel.s                   0x00000000   Number         0  __rtentry.o ABSOLUTE
    ../clib/angel/kernel.s                   0x00000000   Number         0  __rtentry2.o ABSOLUTE
    ../clib/angel/kernel.s                   0x00000000   Number         0  __rtentry4.o ABSOLUTE
    ../clib/angel/kernel.s                   0x00000000   Number         0  rtexit.o ABSOLUTE
    ../clib/angel/kernel.s                   0x00000000   Number         0  rtexit2.o ABSOLUTE
    ../clib/angel/rt.s                       0x00000000   Number         0  aeabi_ldiv0.o ABSOLUTE
    ../clib/angel/rt.s                       0x00000000   Number         0  aeabi_ldiv0_sigfpe.o ABSOLUTE
    ../clib/angel/rt.s                       0x00000000   Number         0  rt_div0.o ABSOLUTE
    ../clib/angel/rt.s                       0x00000000   Number         0  rt_raise.o ABSOLUTE
    ../clib/angel/scatter.s                  0x00000000   Number         0  __scatter.o ABSOLUTE
    ../clib/angel/startup.s                  0x00000000   Number         0  __main.o ABSOLUTE
    ../clib/angel/sys.s                      0x00000000   Number         0  sys_stackheap_outer.o ABSOLUTE
    ../clib/angel/sys.s                      0x00000000   Number         0  libspace.o ABSOLUTE
    ../clib/angel/sys.s                      0x00000000   Number         0  use_no_semi.o ABSOLUTE
    ../clib/angel/sys.s                      0x00000000   Number         0  indicate_semi.o ABSOLUTE
    ../clib/angel/sysapp.c                   0x00000000   Number         0  sys_exit.o ABSOLUTE
    ../clib/angel/sysapp.c                   0x00000000   Number         0  sys_exit_hlt.o ABSOLUTE
    ../clib/angel/sysapp.c                   0x00000000   Number         0  sys_wrch.o ABSOLUTE
    ../clib/angel/sysapp.c                   0x00000000   Number         0  sys_wrch_hlt.o ABSOLUTE
    ../clib/angel/sysapp.c                   0x00000000   Number         0  sys_command.o ABSOLUTE
    ../clib/angel/sysapp.c                   0x00000000   Number         0  sys_command_hlt.o ABSOLUTE
    ../clib/armsys.c                         0x00000000   Number         0  argv_veneer.o ABSOLUTE
    ../clib/armsys.c                         0x00000000   Number         0  argv_veneer.o ABSOLUTE
    ../clib/armsys.c                         0x00000000   Number         0  _get_argv_nomalloc.o ABSOLUTE
    ../clib/armsys.c                         0x00000000   Number         0  no_argv.o ABSOLUTE
    ../clib/heapalloc.c                      0x00000000   Number         0  hrguard.o ABSOLUTE
    ../clib/heapaux.c                        0x00000000   Number         0  heapauxi.o ABSOLUTE
    ../clib/libinit.s                        0x00000000   Number         0  libinit.o ABSOLUTE
    ../clib/libinit.s                        0x00000000   Number         0  libinit2.o ABSOLUTE
    ../clib/libinit.s                        0x00000000   Number         0  libshutdown.o ABSOLUTE
    ../clib/libinit.s                        0x00000000   Number         0  libshutdown2.o ABSOLUTE
    ../clib/longlong.s                       0x00000000   Number         0  lludivv7m.o ABSOLUTE
    ../clib/signal.c                         0x00000000   Number         0  defsig_fpe_outer.o ABSOLUTE
    ../clib/signal.c                         0x00000000   Number         0  defsig_fpe_formal.o ABSOLUTE
    ../clib/signal.c                         0x00000000   Number         0  defsig_exit.o ABSOLUTE
    ../clib/signal.c                         0x00000000   Number         0  defsig_fpe_inner.o ABSOLUTE
    ../clib/signal.c                         0x00000000   Number         0  __raise.o ABSOLUTE
    ../clib/signal.c                         0x00000000   Number         0  defsig_general.o ABSOLUTE
    ../clib/signal.c                         0x00000000   Number         0  defsig_abrt_inner.o ABSOLUTE
    ../clib/signal.c                         0x00000000   Number         0  defsig_rtred_inner.o ABSOLUTE
    ../clib/signal.c                         0x00000000   Number         0  defsig_rtmem_inner.o ABSOLUTE
    ../clib/signal.c                         0x00000000   Number         0  defsig_rtmem_outer.o ABSOLUTE
    ../clib/signal.c                         0x00000000   Number         0  defsig_rtmem_formal.o ABSOLUTE
    ../clib/signal.c                         0x00000000   Number         0  defsig_stak_inner.o ABSOLUTE
    ../clib/signal.c                         0x00000000   Number         0  defsig_pvfn_inner.o ABSOLUTE
    ../clib/signal.c                         0x00000000   Number         0  defsig_cppl_inner.o ABSOLUTE
    ../clib/signal.c                         0x00000000   Number         0  defsig_segv_inner.o ABSOLUTE
    ../clib/signal.c                         0x00000000   Number         0  defsig_other.o ABSOLUTE
    ../clib/signal.s                         0x00000000   Number         0  defsig.o ABSOLUTE
    ../clib/stdlib.c                         0x00000000   Number         0  exit.o ABSOLUTE
    ../fplib/fpinit.s                        0x00000000   Number         0  fpinit.o ABSOLUTE
    Buttons_F4Discovery.c                    0x00000000   Number         0  buttons_f4discovery.o ABSOLUTE
    RTE/Device/STM32F407VETx/startup_stm32f407xx.s 0x00000000   Number         0  startup_stm32f407xx.o ABSOLUTE
    dc.s                                     0x00000000   Number         0  dc.o ABSOLUTE
    main.c                                   0x00000000   Number         0  main.o ABSOLUTE
    semihost_hardfault.c                     0x00000000   Number         0  semihost_hardfault.o ABSOLUTE
    stm32f4xx_hal.c                          0x00000000   Number         0  stm32f4xx_hal.o ABSOLUTE
    stm32f4xx_hal_cortex.c                   0x00000000   Number         0  stm32f4xx_hal_cortex.o ABSOLUTE
    stm32f4xx_hal_dma.c                      0x00000000   Number         0  stm32f4xx_hal_dma.o ABSOLUTE
    stm32f4xx_hal_dma_ex.c                   0x00000000   Number         0  stm32f4xx_hal_dma_ex.o ABSOLUTE
    stm32f4xx_hal_gpio.c                     0x00000000   Number         0  stm32f4xx_hal_gpio.o ABSOLUTE
    stm32f4xx_hal_i2c.c                      0x00000000   Number         0  stm32f4xx_hal_i2c.o ABSOLUTE
    stm32f4xx_hal_pwr.c                      0x00000000   Number         0  stm32f4xx_hal_pwr.o ABSOLUTE
    stm32f4xx_hal_pwr_ex.c                   0x00000000   Number         0  stm32f4xx_hal_pwr_ex.o ABSOLUTE
    stm32f4xx_hal_rcc.c                      0x00000000   Number         0  stm32f4xx_hal_rcc.o ABSOLUTE
    stm32f4xx_hal_rcc_ex.c                   0x00000000   Number         0  stm32f4xx_hal_rcc_ex.o ABSOLUTE
    stm32f4xx_hal_uart.c                     0x00000000   Number         0  stm32f4xx_hal_uart.o ABSOLUTE
    system_stm32f4xx.c                       0x00000000   Number         0  system_stm32f4xx.o ABSOLUTE
    RESET                                    0x08000000   Section      392  startup_stm32f407xx.o(RESET)
    !!!main                                  0x08000188   Section        8  __main.o(!!!main)
    !!!scatter                               0x08000190   Section       52  __scatter.o(!!!scatter)
    !!handler_zi                             0x080001c4   Section       28  __scatter_zi.o(!!handler_zi)
    .ARM.Collect$$libinit$$00000000          0x080001e0   Section        2  libinit.o(.ARM.Collect$$libinit$$00000000)
    .ARM.Collect$$libinit$$00000001          0x080001e2   Section        4  libinit2.o(.ARM.Collect$$libinit$$00000001)
    .ARM.Collect$$libinit$$00000004          0x080001e6   Section        0  libinit2.o(.ARM.Collect$$libinit$$00000004)
    .ARM.Collect$$libinit$$00000006          0x080001e6   Section        0  libinit2.o(.ARM.Collect$$libinit$$00000006)
    .ARM.Collect$$libinit$$0000000C          0x080001e6   Section        0  libinit2.o(.ARM.Collect$$libinit$$0000000C)
    .ARM.Collect$$libinit$$0000000E          0x080001e6   Section        0  libinit2.o(.ARM.Collect$$libinit$$0000000E)
    .ARM.Collect$$libinit$$00000010          0x080001e6   Section        0  libinit2.o(.ARM.Collect$$libinit$$00000010)
    .ARM.Collect$$libinit$$00000013          0x080001e6   Section        0  libinit2.o(.ARM.Collect$$libinit$$00000013)
    .ARM.Collect$$libinit$$00000015          0x080001e6   Section        0  libinit2.o(.ARM.Collect$$libinit$$00000015)
    .ARM.Collect$$libinit$$00000017          0x080001e6   Section        0  libinit2.o(.ARM.Collect$$libinit$$00000017)
    .ARM.Collect$$libinit$$00000019          0x080001e6   Section        0  libinit2.o(.ARM.Collect$$libinit$$00000019)
    .ARM.Collect$$libinit$$0000001B          0x080001e6   Section        0  libinit2.o(.ARM.Collect$$libinit$$0000001B)
    .ARM.Collect$$libinit$$0000001D          0x080001e6   Section        0  libinit2.o(.ARM.Collect$$libinit$$0000001D)
    .ARM.Collect$$libinit$$0000001F          0x080001e6   Section        0  libinit2.o(.ARM.Collect$$libinit$$0000001F)
    .ARM.Collect$$libinit$$00000021          0x080001e6   Section        0  libinit2.o(.ARM.Collect$$libinit$$00000021)
    .ARM.Collect$$libinit$$00000023          0x080001e6   Section        0  libinit2.o(.ARM.Collect$$libinit$$00000023)
    .ARM.Collect$$libinit$$00000025          0x080001e6   Section        0  libinit2.o(.ARM.Collect$$libinit$$00000025)
    .ARM.Collect$$libinit$$00000027          0x080001e6   Section        0  libinit2.o(.ARM.Collect$$libinit$$00000027)
    .ARM.Collect$$libinit$$0000002E          0x080001e6   Section        0  libinit2.o(.ARM.Collect$$libinit$$0000002E)
    .ARM.Collect$$libinit$$00000030          0x080001e6   Section        0  libinit2.o(.ARM.Collect$$libinit$$00000030)
    .ARM.Collect$$libinit$$00000032          0x080001e6   Section        0  libinit2.o(.ARM.Collect$$libinit$$00000032)
    .ARM.Collect$$libinit$$00000034          0x080001e6   Section        0  libinit2.o(.ARM.Collect$$libinit$$00000034)
    .ARM.Collect$$libinit$$00000035          0x080001e6   Section        2  libinit2.o(.ARM.Collect$$libinit$$00000035)
    .ARM.Collect$$libshutdown$$00000000      0x080001e8   Section        2  libshutdown.o(.ARM.Collect$$libshutdown$$00000000)
    .ARM.Collect$$libshutdown$$00000002      0x080001ea   Section        0  libshutdown2.o(.ARM.Collect$$libshutdown$$00000002)
    .ARM.Collect$$libshutdown$$00000004      0x080001ea   Section        0  libshutdown2.o(.ARM.Collect$$libshutdown$$00000004)
    .ARM.Collect$$libshutdown$$00000007      0x080001ea   Section        0  libshutdown2.o(.ARM.Collect$$libshutdown$$00000007)
    .ARM.Collect$$libshutdown$$0000000A      0x080001ea   Section        0  libshutdown2.o(.ARM.Collect$$libshutdown$$0000000A)
    .ARM.Collect$$libshutdown$$0000000C      0x080001ea   Section        0  libshutdown2.o(.ARM.Collect$$libshutdown$$0000000C)
    .ARM.Collect$$libshutdown$$0000000F      0x080001ea   Section        0  libshutdown2.o(.ARM.Collect$$libshutdown$$0000000F)
    .ARM.Collect$$libshutdown$$00000010      0x080001ea   Section        2  libshutdown2.o(.ARM.Collect$$libshutdown$$00000010)
    .ARM.Collect$$rtentry$$00000000          0x080001ec   Section        0  __rtentry.o(.ARM.Collect$$rtentry$$00000000)
    .ARM.Collect$$rtentry$$00000002          0x080001ec   Section        0  __rtentry2.o(.ARM.Collect$$rtentry$$00000002)
    .ARM.Collect$$rtentry$$00000004          0x080001ec   Section        6  __rtentry4.o(.ARM.Collect$$rtentry$$00000004)
    .ARM.Collect$$rtentry$$00000009          0x080001f2   Section        0  __rtentry2.o(.ARM.Collect$$rtentry$$00000009)
    .ARM.Collect$$rtentry$$0000000A          0x080001f2   Section        4  __rtentry2.o(.ARM.Collect$$rtentry$$0000000A)
    .ARM.Collect$$rtentry$$0000000C          0x080001f6   Section        0  __rtentry2.o(.ARM.Collect$$rtentry$$0000000C)
    .ARM.Collect$$rtentry$$0000000D          0x080001f6   Section        8  __rtentry2.o(.ARM.Collect$$rtentry$$0000000D)
    .ARM.Collect$$rtexit$$00000000           0x080001fe   Section        2  rtexit.o(.ARM.Collect$$rtexit$$00000000)
    .ARM.Collect$$rtexit$$00000002           0x08000200   Section        0  rtexit2.o(.ARM.Collect$$rtexit$$00000002)
    .ARM.Collect$$rtexit$$00000003           0x08000200   Section        4  rtexit2.o(.ARM.Collect$$rtexit$$00000003)
    .ARM.Collect$$rtexit$$00000004           0x08000204   Section        6  rtexit2.o(.ARM.Collect$$rtexit$$00000004)
    $v0                                      0x0800020c   Number         0  startup_stm32f407xx.o(.text)
    .text                                    0x0800020c   Section       64  startup_stm32f407xx.o(.text)
    .text                                    0x0800024c   Section        0  heapauxi.o(.text)
    .text                                    0x08000252   Section       74  sys_stackheap_outer.o(.text)
    .text                                    0x0800029c   Section        0  exit.o(.text)
    .text                                    0x080002b0   Section        8  libspace.o(.text)
    .text                                    0x080002b8   Section        0  sys_exit.o(.text)
    .text                                    0x080002c4   Section        2  use_no_semi.o(.text)
    .text                                    0x080002c6   Section        0  indicate_semi.o(.text)
    [Anonymous Symbol]                       0x080002c8   Section        0  stm32f4xx_hal_gpio.o(.text.HAL_GPIO_Init)
    [Anonymous Symbol]                       0x08000468   Section        0  stm32f4xx_hal_gpio.o(.text.HAL_GPIO_TogglePin)
    [Anonymous Symbol]                       0x08000478   Section        0  stm32f4xx_hal_gpio.o(.text.HAL_GPIO_WritePin)
    [Anonymous Symbol]                       0x08000484   Section        0  system_stm32f4xx.o(.text.SystemInit)
    [Anonymous Symbol]                       0x08000498   Section        0  main.o(.text.main)
    $v0                                      0x0800051a   Number         0  fpinit.o(x$fpl$fpinit)
    x$fpl$fpinit                             0x0800051a   Section       26  fpinit.o(x$fpl$fpinit)
    .bss                                     0x20000000   Section       96  libspace.o(.bss)
    Heap_Mem                                 0x20000060   Data         512  startup_stm32f407xx.o(HEAP)
    HEAP                                     0x20000060   Section      512  startup_stm32f407xx.o(HEAP)
    Stack_Mem                                0x20000260   Data        1024  startup_stm32f407xx.o(STACK)
    STACK                                    0x20000260   Section     1024  startup_stm32f407xx.o(STACK)
    __initial_sp                             0x20000660   Data           0  startup_stm32f407xx.o(STACK)

    Global Symbols

    Symbol Name                              Value     Ov Type        Size  Object(Section)

    BuildAttributes$$THM_ISAv4$E$P$D$K$B$S$7EM$VFPi3$EXTD16$VFPS$VFMA$PE$A:L22UL41UL21$X:L11$S22US41US21$IEEE1$IW$~IW$USESV6$~STKCKD$USESV7$~SHL$OTIME$ROPI$EBA8$UX$STANDARDLIB$REQ8$PRES8$EABIv2 0x00000000   Number         0  anon$$obj.o ABSOLUTE
    __ARM_exceptions_init                     - Undefined Weak Reference
    __alloca_initialize                       - Undefined Weak Reference
    __arm_preinit_                            - Undefined Weak Reference
    __arm_relocate_pie_                       - Undefined Weak Reference
    __cpp_initialize__aeabi_                  - Undefined Weak Reference
    __cxa_finalize                            - Undefined Weak Reference
    __rt_locale                               - Undefined Weak Reference
    __sigvec_lookup                           - Undefined Weak Reference
    _atexit_init                              - Undefined Weak Reference
    _call_atexit_fns                          - Undefined Weak Reference
    _clock_init                               - Undefined Weak Reference
    _fp_trap_init                             - Undefined Weak Reference
    _fp_trap_shutdown                         - Undefined Weak Reference
    _get_lc_collate                           - Undefined Weak Reference
    _get_lc_ctype                             - Undefined Weak Reference
    _get_lc_monetary                          - Undefined Weak Reference
    _get_lc_numeric                           - Undefined Weak Reference
    _get_lc_time                              - Undefined Weak Reference
    _getenv_init                              - Undefined Weak Reference
    _handle_redirection                       - Undefined Weak Reference
    _init_alloc                               - Undefined Weak Reference
    _init_user_alloc                          - Undefined Weak Reference
    _initio                                   - Undefined Weak Reference
    _rand_init                                - Undefined Weak Reference
    _signal_finish                            - Undefined Weak Reference
    _signal_init                              - Undefined Weak Reference
    _terminate_alloc                          - Undefined Weak Reference
    _terminate_user_alloc                     - Undefined Weak Reference
    _terminateio                              - Undefined Weak Reference
    __Vectors_Size                           0x00000188   Number         0  startup_stm32f407xx.o ABSOLUTE
    __Vectors                                0x08000000   Data           4  startup_stm32f407xx.o(RESET)
    __Vectors_End                            0x08000188   Data           0  startup_stm32f407xx.o(RESET)
    __main                                   0x08000189   Thumb Code     8  __main.o(!!!main)
    __scatterload                            0x08000191   Thumb Code     0  __scatter.o(!!!scatter)
    __scatterload_rt2                        0x08000191   Thumb Code    44  __scatter.o(!!!scatter)
    __scatterload_rt2_thumb_only             0x08000191   Thumb Code     0  __scatter.o(!!!scatter)
    __scatterload_null                       0x0800019f   Thumb Code     0  __scatter.o(!!!scatter)
    __scatterload_zeroinit                   0x080001c5   Thumb Code    28  __scatter_zi.o(!!handler_zi)
    __rt_lib_init                            0x080001e1   Thumb Code     0  libinit.o(.ARM.Collect$$libinit$$00000000)
    __rt_lib_init_fp_1                       0x080001e3   Thumb Code     0  libinit2.o(.ARM.Collect$$libinit$$00000001)
    __rt_lib_init_alloca_1                   0x080001e7   Thumb Code     0  libinit2.o(.ARM.Collect$$libinit$$00000030)
    __rt_lib_init_argv_1                     0x080001e7   Thumb Code     0  libinit2.o(.ARM.Collect$$libinit$$0000002E)
    __rt_lib_init_atexit_1                   0x080001e7   Thumb Code     0  libinit2.o(.ARM.Collect$$libinit$$0000001D)
    __rt_lib_init_clock_1                    0x080001e7   Thumb Code     0  libinit2.o(.ARM.Collect$$libinit$$00000023)
    __rt_lib_init_cpp_1                      0x080001e7   Thumb Code     0  libinit2.o(.ARM.Collect$$libinit$$00000034)
    __rt_lib_init_exceptions_1               0x080001e7   Thumb Code     0  libinit2.o(.ARM.Collect$$libinit$$00000032)
    __rt_lib_init_fp_trap_1                  0x080001e7   Thumb Code     0  libinit2.o(.ARM.Collect$$libinit$$00000021)
    __rt_lib_init_getenv_1                   0x080001e7   Thumb Code     0  libinit2.o(.ARM.Collect$$libinit$$00000025)
    __rt_lib_init_heap_1                     0x080001e7   Thumb Code     0  libinit2.o(.ARM.Collect$$libinit$$0000000C)
    __rt_lib_init_lc_collate_1               0x080001e7   Thumb Code     0  libinit2.o(.ARM.Collect$$libinit$$00000013)
    __rt_lib_init_lc_ctype_1                 0x080001e7   Thumb Code     0  libinit2.o(.ARM.Collect$$libinit$$00000015)
    __rt_lib_init_lc_monetary_1              0x080001e7   Thumb Code     0  libinit2.o(.ARM.Collect$$libinit$$00000017)
    __rt_lib_init_lc_numeric_1               0x080001e7   Thumb Code     0  libinit2.o(.ARM.Collect$$libinit$$00000019)
    __rt_lib_init_lc_time_1                  0x080001e7   Thumb Code     0  libinit2.o(.ARM.Collect$$libinit$$0000001B)
    __rt_lib_init_preinit_1                  0x080001e7   Thumb Code     0  libinit2.o(.ARM.Collect$$libinit$$00000006)
    __rt_lib_init_rand_1                     0x080001e7   Thumb Code     0  libinit2.o(.ARM.Collect$$libinit$$00000010)
    __rt_lib_init_relocate_pie_1             0x080001e7   Thumb Code     0  libinit2.o(.ARM.Collect$$libinit$$00000004)
    __rt_lib_init_return                     0x080001e7   Thumb Code     0  libinit2.o(.ARM.Collect$$libinit$$00000035)
    __rt_lib_init_signal_1                   0x080001e7   Thumb Code     0  libinit2.o(.ARM.Collect$$libinit$$0000001F)
    __rt_lib_init_stdio_1                    0x080001e7   Thumb Code     0  libinit2.o(.ARM.Collect$$libinit$$00000027)
    __rt_lib_init_user_alloc_1               0x080001e7   Thumb Code     0  libinit2.o(.ARM.Collect$$libinit$$0000000E)
    __rt_lib_shutdown                        0x080001e9   Thumb Code     0  libshutdown.o(.ARM.Collect$$libshutdown$$00000000)
    __rt_lib_shutdown_cpp_1                  0x080001eb   Thumb Code     0  libshutdown2.o(.ARM.Collect$$libshutdown$$00000002)
    __rt_lib_shutdown_fp_trap_1              0x080001eb   Thumb Code     0  libshutdown2.o(.ARM.Collect$$libshutdown$$00000007)
    __rt_lib_shutdown_heap_1                 0x080001eb   Thumb Code     0  libshutdown2.o(.ARM.Collect$$libshutdown$$0000000F)
    __rt_lib_shutdown_return                 0x080001eb   Thumb Code     0  libshutdown2.o(.ARM.Collect$$libshutdown$$00000010)
    __rt_lib_shutdown_signal_1               0x080001eb   Thumb Code     0  libshutdown2.o(.ARM.Collect$$libshutdown$$0000000A)
    __rt_lib_shutdown_stdio_1                0x080001eb   Thumb Code     0  libshutdown2.o(.ARM.Collect$$libshutdown$$00000004)
    __rt_lib_shutdown_user_alloc_1           0x080001eb   Thumb Code     0  libshutdown2.o(.ARM.Collect$$libshutdown$$0000000C)
    __rt_entry                               0x080001ed   Thumb Code     0  __rtentry.o(.ARM.Collect$$rtentry$$00000000)
    __rt_entry_presh_1                       0x080001ed   Thumb Code     0  __rtentry2.o(.ARM.Collect$$rtentry$$00000002)
    __rt_entry_sh                            0x080001ed   Thumb Code     0  __rtentry4.o(.ARM.Collect$$rtentry$$00000004)
    __rt_entry_li                            0x080001f3   Thumb Code     0  __rtentry2.o(.ARM.Collect$$rtentry$$0000000A)
    __rt_entry_postsh_1                      0x080001f3   Thumb Code     0  __rtentry2.o(.ARM.Collect$$rtentry$$00000009)
    __rt_entry_main                          0x080001f7   Thumb Code     0  __rtentry2.o(.ARM.Collect$$rtentry$$0000000D)
    __rt_entry_postli_1                      0x080001f7   Thumb Code     0  __rtentry2.o(.ARM.Collect$$rtentry$$0000000C)
    __rt_exit                                0x080001ff   Thumb Code     0  rtexit.o(.ARM.Collect$$rtexit$$00000000)
    __rt_exit_ls                             0x08000201   Thumb Code     0  rtexit2.o(.ARM.Collect$$rtexit$$00000003)
    __rt_exit_prels_1                        0x08000201   Thumb Code     0  rtexit2.o(.ARM.Collect$$rtexit$$00000002)
    __rt_exit_exit                           0x08000205   Thumb Code     0  rtexit2.o(.ARM.Collect$$rtexit$$00000004)
    Reset_Handler                            0x0800020d   Thumb Code     8  startup_stm32f407xx.o(.text)
    NMI_Handler                              0x08000215   Thumb Code     2  startup_stm32f407xx.o(.text)
    HardFault_Handler                        0x08000217   Thumb Code     2  startup_stm32f407xx.o(.text)
    MemManage_Handler                        0x08000219   Thumb Code     2  startup_stm32f407xx.o(.text)
    BusFault_Handler                         0x0800021b   Thumb Code     2  startup_stm32f407xx.o(.text)
    UsageFault_Handler                       0x0800021d   Thumb Code     2  startup_stm32f407xx.o(.text)
    SVC_Handler                              0x0800021f   Thumb Code     2  startup_stm32f407xx.o(.text)
    DebugMon_Handler                         0x08000221   Thumb Code     2  startup_stm32f407xx.o(.text)
    PendSV_Handler                           0x08000223   Thumb Code     2  startup_stm32f407xx.o(.text)
    SysTick_Handler                          0x08000225   Thumb Code     2  startup_stm32f407xx.o(.text)
    ADC_IRQHandler                           0x08000227   Thumb Code     0  startup_stm32f407xx.o(.text)
    CAN1_RX0_IRQHandler                      0x08000227   Thumb Code     0  startup_stm32f407xx.o(.text)
    CAN1_RX1_IRQHandler                      0x08000227   Thumb Code     0  startup_stm32f407xx.o(.text)
    CAN1_SCE_IRQHandler                      0x08000227   Thumb Code     0  startup_stm32f407xx.o(.text)
    CAN1_TX_IRQHandler                       0x08000227   Thumb Code     0  startup_stm32f407xx.o(.text)
    CAN2_RX0_IRQHandler                      0x08000227   Thumb Code     0  startup_stm32f407xx.o(.text)
    CAN2_RX1_IRQHandler                      0x08000227   Thumb Code     0  startup_stm32f407xx.o(.text)
    CAN2_SCE_IRQHandler                      0x08000227   Thumb Code     0  startup_stm32f407xx.o(.text)
    CAN2_TX_IRQHandler                       0x08000227   Thumb Code     0  startup_stm32f407xx.o(.text)
    DCMI_IRQHandler                          0x08000227   Thumb Code     0  startup_stm32f407xx.o(.text)
    DMA1_Stream0_IRQHandler                  0x08000227   Thumb Code     0  startup_stm32f407xx.o(.text)
    DMA1_Stream1_IRQHandler                  0x08000227   Thumb Code     0  startup_stm32f407xx.o(.text)
    DMA1_Stream2_IRQHandler                  0x08000227   Thumb Code     0  startup_stm32f407xx.o(.text)
    DMA1_Stream3_IRQHandler                  0x08000227   Thumb Code     0  startup_stm32f407xx.o(.text)
    DMA1_Stream4_IRQHandler                  0x08000227   Thumb Code     0  startup_stm32f407xx.o(.text)
    DMA1_Stream5_IRQHandler                  0x08000227   Thumb Code     0  startup_stm32f407xx.o(.text)
    DMA1_Stream6_IRQHandler                  0x08000227   Thumb Code     0  startup_stm32f407xx.o(.text)
    DMA1_Stream7_IRQHandler                  0x08000227   Thumb Code     0  startup_stm32f407xx.o(.text)
    DMA2_Stream0_IRQHandler                  0x08000227   Thumb Code     0  startup_stm32f407xx.o(.text)
    DMA2_Stream1_IRQHandler                  0x08000227   Thumb Code     0  startup_stm32f407xx.o(.text)
    DMA2_Stream2_IRQHandler                  0x08000227   Thumb Code     0  startup_stm32f407xx.o(.text)
    DMA2_Stream3_IRQHandler                  0x08000227   Thumb Code     0  startup_stm32f407xx.o(.text)
    DMA2_Stream4_IRQHandler                  0x08000227   Thumb Code     0  startup_stm32f407xx.o(.text)
    DMA2_Stream5_IRQHandler                  0x08000227   Thumb Code     0  startup_stm32f407xx.o(.text)
    DMA2_Stream6_IRQHandler                  0x08000227   Thumb Code     0  startup_stm32f407xx.o(.text)
    DMA2_Stream7_IRQHandler                  0x08000227   Thumb Code     0  startup_stm32f407xx.o(.text)
    ETH_IRQHandler                           0x08000227   Thumb Code     0  startup_stm32f407xx.o(.text)
    ETH_WKUP_IRQHandler                      0x08000227   Thumb Code     0  startup_stm32f407xx.o(.text)
    EXTI0_IRQHandler                         0x08000227   Thumb Code     0  startup_stm32f407xx.o(.text)
    EXTI15_10_IRQHandler                     0x08000227   Thumb Code     0  startup_stm32f407xx.o(.text)
    EXTI1_IRQHandler                         0x08000227   Thumb Code     0  startup_stm32f407xx.o(.text)
    EXTI2_IRQHandler                         0x08000227   Thumb Code     0  startup_stm32f407xx.o(.text)
    EXTI3_IRQHandler                         0x08000227   Thumb Code     0  startup_stm32f407xx.o(.text)
    EXTI4_IRQHandler                         0x08000227   Thumb Code     0  startup_stm32f407xx.o(.text)
    EXTI9_5_IRQHandler                       0x08000227   Thumb Code     0  startup_stm32f407xx.o(.text)
    FLASH_IRQHandler                         0x08000227   Thumb Code     0  startup_stm32f407xx.o(.text)
    FMC_IRQHandler                           0x08000227   Thumb Code     0  startup_stm32f407xx.o(.text)
    FPU_IRQHandler                           0x08000227   Thumb Code     0  startup_stm32f407xx.o(.text)
    HASH_RNG_IRQHandler                      0x08000227   Thumb Code     0  startup_stm32f407xx.o(.text)
    I2C1_ER_IRQHandler                       0x08000227   Thumb Code     0  startup_stm32f407xx.o(.text)
    I2C1_EV_IRQHandler                       0x08000227   Thumb Code     0  startup_stm32f407xx.o(.text)
    I2C2_ER_IRQHandler                       0x08000227   Thumb Code     0  startup_stm32f407xx.o(.text)
    I2C2_EV_IRQHandler                       0x08000227   Thumb Code     0  startup_stm32f407xx.o(.text)
    I2C3_ER_IRQHandler                       0x08000227   Thumb Code     0  startup_stm32f407xx.o(.text)
    I2C3_EV_IRQHandler                       0x08000227   Thumb Code     0  startup_stm32f407xx.o(.text)
    OTG_FS_IRQHandler                        0x08000227   Thumb Code     0  startup_stm32f407xx.o(.text)
    OTG_FS_WKUP_IRQHandler                   0x08000227   Thumb Code     0  startup_stm32f407xx.o(.text)
    OTG_HS_EP1_IN_IRQHandler                 0x08000227   Thumb Code     0  startup_stm32f407xx.o(.text)
    OTG_HS_EP1_OUT_IRQHandler                0x08000227   Thumb Code     0  startup_stm32f407xx.o(.text)
    OTG_HS_IRQHandler                        0x08000227   Thumb Code     0  startup_stm32f407xx.o(.text)
    OTG_HS_WKUP_IRQHandler                   0x08000227   Thumb Code     0  startup_stm32f407xx.o(.text)
    PVD_IRQHandler                           0x08000227   Thumb Code     0  startup_stm32f407xx.o(.text)
    RCC_IRQHandler                           0x08000227   Thumb Code     0  startup_stm32f407xx.o(.text)
    RTC_Alarm_IRQHandler                     0x08000227   Thumb Code     0  startup_stm32f407xx.o(.text)
    RTC_WKUP_IRQHandler                      0x08000227   Thumb Code     0  startup_stm32f407xx.o(.text)
    SDIO_IRQHandler                          0x08000227   Thumb Code     0  startup_stm32f407xx.o(.text)
    SPI1_IRQHandler                          0x08000227   Thumb Code     0  startup_stm32f407xx.o(.text)
    SPI2_IRQHandler                          0x08000227   Thumb Code     0  startup_stm32f407xx.o(.text)
    SPI3_IRQHandler                          0x08000227   Thumb Code     0  startup_stm32f407xx.o(.text)
    TAMP_STAMP_IRQHandler                    0x08000227   Thumb Code     0  startup_stm32f407xx.o(.text)
    TIM1_BRK_TIM9_IRQHandler                 0x08000227   Thumb Code     0  startup_stm32f407xx.o(.text)
    TIM1_CC_IRQHandler                       0x08000227   Thumb Code     0  startup_stm32f407xx.o(.text)
    TIM1_TRG_COM_TIM11_IRQHandler            0x08000227   Thumb Code     0  startup_stm32f407xx.o(.text)
    TIM1_UP_TIM10_IRQHandler                 0x08000227   Thumb Code     0  startup_stm32f407xx.o(.text)
    TIM2_IRQHandler                          0x08000227   Thumb Code     0  startup_stm32f407xx.o(.text)
    TIM3_IRQHandler                          0x08000227   Thumb Code     0  startup_stm32f407xx.o(.text)
    TIM4_IRQHandler                          0x08000227   Thumb Code     0  startup_stm32f407xx.o(.text)
    TIM5_IRQHandler                          0x08000227   Thumb Code     0  startup_stm32f407xx.o(.text)
    TIM6_DAC_IRQHandler                      0x08000227   Thumb Code     0  startup_stm32f407xx.o(.text)
    TIM7_IRQHandler                          0x08000227   Thumb Code     0  startup_stm32f407xx.o(.text)
    TIM8_BRK_TIM12_IRQHandler                0x08000227   Thumb Code     0  startup_stm32f407xx.o(.text)
    TIM8_CC_IRQHandler                       0x08000227   Thumb Code     0  startup_stm32f407xx.o(.text)
    TIM8_TRG_COM_TIM14_IRQHandler            0x08000227   Thumb Code     0  startup_stm32f407xx.o(.text)
    TIM8_UP_TIM13_IRQHandler                 0x08000227   Thumb Code     0  startup_stm32f407xx.o(.text)
    UART4_IRQHandler                         0x08000227   Thumb Code     0  startup_stm32f407xx.o(.text)
    UART5_IRQHandler                         0x08000227   Thumb Code     0  startup_stm32f407xx.o(.text)
    USART1_IRQHandler                        0x08000227   Thumb Code     0  startup_stm32f407xx.o(.text)
    USART2_IRQHandler                        0x08000227   Thumb Code     0  startup_stm32f407xx.o(.text)
    USART3_IRQHandler                        0x08000227   Thumb Code     0  startup_stm32f407xx.o(.text)
    USART6_IRQHandler                        0x08000227   Thumb Code     0  startup_stm32f407xx.o(.text)
    WWDG_IRQHandler                          0x08000227   Thumb Code     0  startup_stm32f407xx.o(.text)
    __user_initial_stackheap                 0x08000229   Thumb Code     0  startup_stm32f407xx.o(.text)
    __use_two_region_memory                  0x0800024d   Thumb Code     2  heapauxi.o(.text)
    __rt_heap_escrow$2region                 0x0800024f   Thumb Code     2  heapauxi.o(.text)
    __rt_heap_expand$2region                 0x08000251   Thumb Code     2  heapauxi.o(.text)
    __user_setup_stackheap                   0x08000253   Thumb Code    74  sys_stackheap_outer.o(.text)
    exit                                     0x0800029d   Thumb Code    18  exit.o(.text)
    __user_libspace                          0x080002b1   Thumb Code     8  libspace.o(.text)
    __user_perproc_libspace                  0x080002b1   Thumb Code     0  libspace.o(.text)
    __user_perthread_libspace                0x080002b1   Thumb Code     0  libspace.o(.text)
    _sys_exit                                0x080002b9   Thumb Code     8  sys_exit.o(.text)
    __I$use$semihosting                      0x080002c5   Thumb Code     0  use_no_semi.o(.text)
    __use_no_semihosting_swi                 0x080002c5   Thumb Code     2  use_no_semi.o(.text)
    __semihosting_library_function           0x080002c7   Thumb Code     0  indicate_semi.o(.text)
    HAL_GPIO_Init                            0x080002c9   Thumb Code   416  stm32f4xx_hal_gpio.o(.text.HAL_GPIO_Init)
    HAL_GPIO_TogglePin                       0x08000469   Thumb Code    16  stm32f4xx_hal_gpio.o(.text.HAL_GPIO_TogglePin)
    HAL_GPIO_WritePin                        0x08000479   Thumb Code    10  stm32f4xx_hal_gpio.o(.text.HAL_GPIO_WritePin)
    SystemInit                               0x08000485   Thumb Code    18  system_stm32f4xx.o(.text.SystemInit)
    main                                     0x08000499   Thumb Code   130  main.o(.text.main)
    _fp_init                                 0x0800051b   Thumb Code    26  fpinit.o(x$fpl$fpinit)
    __fplib_config_fpu_vfp                   0x08000533   Thumb Code     0  fpinit.o(x$fpl$fpinit)
    __fplib_config_pureend_doubles           0x08000533   Thumb Code     0  fpinit.o(x$fpl$fpinit)
    Region$$Table$$Base                      0x08000534   Number         0  anon$$obj.o(Region$$Table)
    Region$$Table$$Limit                     0x08000544   Number         0  anon$$obj.o(Region$$Table)
    __libspace_start                         0x20000000   Data          96  libspace.o(.bss)
    __temporary_stack_top$libspace           0x20000060   Data           0  libspace.o(.bss)



==============================================================================

Memory Map of the image

  Image Entry point : 0x0800020d

  Load Region LR_1 (Base: 0x08000000, Size: 0x00000544, Max: 0xffffffff, ABSOLUTE)

    Execution Region ER_RO (Exec base: 0x08000000, Load base: 0x08000000, Size: 0x00000544, Max: 0xffffffff, ABSOLUTE)

    Exec Addr    Load Addr    Size         Type   Attr      Idx    E Section Name        Object

    0x08000000   0x08000000   0x00000188   Data   RO          591    RESET               startup_stm32f407xx.o
    0x08000188   0x08000188   0x00000008   Code   RO          619  * !!!main             c_w.l(__main.o)
    0x08000190   0x08000190   0x00000034   Code   RO          794    !!!scatter          c_w.l(__scatter.o)
    0x080001c4   0x080001c4   0x0000001c   Code   RO          796    !!handler_zi        c_w.l(__scatter_zi.o)
    0x080001e0   0x080001e0   0x00000002   Code   RO          656    .ARM.Collect$$libinit$$00000000  c_w.l(libinit.o)
    0x080001e2   0x080001e2   0x00000004   Code   RO          668    .ARM.Collect$$libinit$$00000001  c_w.l(libinit2.o)
    0x080001e6   0x080001e6   0x00000000   Code   RO          671    .ARM.Collect$$libinit$$00000004  c_w.l(libinit2.o)
    0x080001e6   0x080001e6   0x00000000   Code   RO          673    .ARM.Collect$$libinit$$00000006  c_w.l(libinit2.o)
    0x080001e6   0x080001e6   0x00000000   Code   RO          676    .ARM.Collect$$libinit$$0000000C  c_w.l(libinit2.o)
    0x080001e6   0x080001e6   0x00000000   Code   RO          678    .ARM.Collect$$libinit$$0000000E  c_w.l(libinit2.o)
    0x080001e6   0x080001e6   0x00000000   Code   RO          680    .ARM.Collect$$libinit$$00000010  c_w.l(libinit2.o)
    0x080001e6   0x080001e6   0x00000000   Code   RO          683    .ARM.Collect$$libinit$$00000013  c_w.l(libinit2.o)
    0x080001e6   0x080001e6   0x00000000   Code   RO          685    .ARM.Collect$$libinit$$00000015  c_w.l(libinit2.o)
    0x080001e6   0x080001e6   0x00000000   Code   RO          687    .ARM.Collect$$libinit$$00000017  c_w.l(libinit2.o)
    0x080001e6   0x080001e6   0x00000000   Code   RO          689    .ARM.Collect$$libinit$$00000019  c_w.l(libinit2.o)
    0x080001e6   0x080001e6   0x00000000   Code   RO          691    .ARM.Collect$$libinit$$0000001B  c_w.l(libinit2.o)
    0x080001e6   0x080001e6   0x00000000   Code   RO          693    .ARM.Collect$$libinit$$0000001D  c_w.l(libinit2.o)
    0x080001e6   0x080001e6   0x00000000   Code   RO          695    .ARM.Collect$$libinit$$0000001F  c_w.l(libinit2.o)
    0x080001e6   0x080001e6   0x00000000   Code   RO          697    .ARM.Collect$$libinit$$00000021  c_w.l(libinit2.o)
    0x080001e6   0x080001e6   0x00000000   Code   RO          699    .ARM.Collect$$libinit$$00000023  c_w.l(libinit2.o)
    0x080001e6   0x080001e6   0x00000000   Code   RO          701    .ARM.Collect$$libinit$$00000025  c_w.l(libinit2.o)
    0x080001e6   0x080001e6   0x00000000   Code   RO          703    .ARM.Collect$$libinit$$00000027  c_w.l(libinit2.o)
    0x080001e6   0x080001e6   0x00000000   Code   RO          707    .ARM.Collect$$libinit$$0000002E  c_w.l(libinit2.o)
    0x080001e6   0x080001e6   0x00000000   Code   RO          709    .ARM.Collect$$libinit$$00000030  c_w.l(libinit2.o)
    0x080001e6   0x080001e6   0x00000000   Code   RO          711    .ARM.Collect$$libinit$$00000032  c_w.l(libinit2.o)
    0x080001e6   0x080001e6   0x00000000   Code   RO          713    .ARM.Collect$$libinit$$00000034  c_w.l(libinit2.o)
    0x080001e6   0x080001e6   0x00000002   Code   RO          714    .ARM.Collect$$libinit$$00000035  c_w.l(libinit2.o)
    0x080001e8   0x080001e8   0x00000002   Code   RO          749    .ARM.Collect$$libshutdown$$00000000  c_w.l(libshutdown.o)
    0x080001ea   0x080001ea   0x00000000   Code   RO          777    .ARM.Collect$$libshutdown$$00000002  c_w.l(libshutdown2.o)
    0x080001ea   0x080001ea   0x00000000   Code   RO          779    .ARM.Collect$$libshutdown$$00000004  c_w.l(libshutdown2.o)
    0x080001ea   0x080001ea   0x00000000   Code   RO          782    .ARM.Collect$$libshutdown$$00000007  c_w.l(libshutdown2.o)
    0x080001ea   0x080001ea   0x00000000   Code   RO          785    .ARM.Collect$$libshutdown$$0000000A  c_w.l(libshutdown2.o)
    0x080001ea   0x080001ea   0x00000000   Code   RO          787    .ARM.Collect$$libshutdown$$0000000C  c_w.l(libshutdown2.o)
    0x080001ea   0x080001ea   0x00000000   Code   RO          790    .ARM.Collect$$libshutdown$$0000000F  c_w.l(libshutdown2.o)
    0x080001ea   0x080001ea   0x00000002   Code   RO          791    .ARM.Collect$$libshutdown$$00000010  c_w.l(libshutdown2.o)
    0x080001ec   0x080001ec   0x00000000   Code   RO          621    .ARM.Collect$$rtentry$$00000000  c_w.l(__rtentry.o)
    0x080001ec   0x080001ec   0x00000000   Code   RO          627    .ARM.Collect$$rtentry$$00000002  c_w.l(__rtentry2.o)
    0x080001ec   0x080001ec   0x00000006   Code   RO          639    .ARM.Collect$$rtentry$$00000004  c_w.l(__rtentry4.o)
    0x080001f2   0x080001f2   0x00000000   Code   RO          629    .ARM.Collect$$rtentry$$00000009  c_w.l(__rtentry2.o)
    0x080001f2   0x080001f2   0x00000004   Code   RO          630    .ARM.Collect$$rtentry$$0000000A  c_w.l(__rtentry2.o)
    0x080001f6   0x080001f6   0x00000000   Code   RO          632    .ARM.Collect$$rtentry$$0000000C  c_w.l(__rtentry2.o)
    0x080001f6   0x080001f6   0x00000008   Code   RO          633    .ARM.Collect$$rtentry$$0000000D  c_w.l(__rtentry2.o)
    0x080001fe   0x080001fe   0x00000002   Code   RO          660    .ARM.Collect$$rtexit$$00000000  c_w.l(rtexit.o)
    0x08000200   0x08000200   0x00000000   Code   RO          720    .ARM.Collect$$rtexit$$00000002  c_w.l(rtexit2.o)
    0x08000200   0x08000200   0x00000004   Code   RO          721    .ARM.Collect$$rtexit$$00000003  c_w.l(rtexit2.o)
    0x08000204   0x08000204   0x00000006   Code   RO          722    .ARM.Collect$$rtexit$$00000004  c_w.l(rtexit2.o)
    0x0800020a   0x0800020a   0x00000002   PAD
    0x0800020c   0x0800020c   0x00000040   Code   RO          592  * .text               startup_stm32f407xx.o
    0x0800024c   0x0800024c   0x00000006   Code   RO          617    .text               c_w.l(heapauxi.o)
    0x08000252   0x08000252   0x0000004a   Code   RO          643    .text               c_w.l(sys_stackheap_outer.o)
    0x0800029c   0x0800029c   0x00000012   Code   RO          645    .text               c_w.l(exit.o)
    0x080002ae   0x080002ae   0x00000002   PAD
    0x080002b0   0x080002b0   0x00000008   Code   RO          657    .text               c_w.l(libspace.o)
    0x080002b8   0x080002b8   0x0000000c   Code   RO          715    .text               c_w.l(sys_exit.o)
    0x080002c4   0x080002c4   0x00000002   Code   RO          738    .text               c_w.l(use_no_semi.o)
    0x080002c6   0x080002c6   0x00000000   Code   RO          740    .text               c_w.l(indicate_semi.o)
    0x080002c6   0x080002c6   0x00000002   PAD
    0x080002c8   0x080002c8   0x000001a0   Code   RO          194    .text.HAL_GPIO_Init  stm32f4xx_hal_gpio.o
    0x08000468   0x08000468   0x00000010   Code   RO          202    .text.HAL_GPIO_TogglePin  stm32f4xx_hal_gpio.o
    0x08000478   0x08000478   0x0000000a   Code   RO          200    .text.HAL_GPIO_WritePin  stm32f4xx_hal_gpio.o
    0x08000482   0x08000482   0x00000002   PAD
    0x08000484   0x08000484   0x00000012   Code   RO          599    .text.SystemInit    system_stm32f4xx.o
    0x08000496   0x08000496   0x00000002   PAD
    0x08000498   0x08000498   0x00000082   Code   RO            6    .text.main          main.o
    0x0800051a   0x0800051a   0x0000001a   Code   RO          732    x$fpl$fpinit        fz_wm.l(fpinit.o)
    0x08000534   0x08000534   0x00000010   Data   RO          793    Region$$Table       anon$$obj.o


    Execution Region ER_RW (Exec base: 0x20000000, Load base: 0x08000544, Size: 0x00000000, Max: 0xffffffff, ABSOLUTE)

    **** No section assigned to this execution region ****


    Execution Region ER_ZI (Exec base: 0x20000000, Load base: 0x08000544, Size: 0x00000660, Max: 0xffffffff, ABSOLUTE)

    Exec Addr    Load Addr    Size         Type   Attr      Idx    E Section Name        Object

    0x20000000        -       0x00000060   Zero   RW          658    .bss                c_w.l(libspace.o)
    0x20000060        -       0x00000200   Zero   RW          590    HEAP                startup_stm32f407xx.o
    0x20000260        -       0x00000400   Zero   RW          589    STACK               startup_stm32f407xx.o


==============================================================================

Image component sizes


      Code (inc. data)   RO Data    RW Data    ZI Data      Debug   Object Name

       130          0          0          0          0       2653   main.o
        64         26        392          0       1536        908   startup_stm32f407xx.o
       442          0          0          0          0       5325   stm32f4xx_hal_gpio.o
        18          0          0          0          0       2796   system_stm32f4xx.o

    ----------------------------------------------------------------------
       658         26        408          0       1536      11682   Object Totals
         0          0         16          0          0          0   (incl. Generated)
         4          0          0          0          0          0   (incl. Padding)

    ----------------------------------------------------------------------

      Code (inc. data)   RO Data    RW Data    ZI Data      Debug   Library Member Name

         8          0          0          0          0         68   __main.o
         0          0          0          0          0          0   __rtentry.o
        12          0          0          0          0          0   __rtentry2.o
         6          0          0          0          0          0   __rtentry4.o
        52          8          0          0          0          0   __scatter.o
        28          0          0          0          0          0   __scatter_zi.o
        18          0          0          0          0         80   exit.o
         6          0          0          0          0        152   heapauxi.o
         0          0          0          0          0          0   indicate_semi.o
         2          0          0          0          0          0   libinit.o
         6          0          0          0          0          0   libinit2.o
         2          0          0          0          0          0   libshutdown.o
         2          0          0          0          0          0   libshutdown2.o
         8          4          0          0         96         68   libspace.o
         2          0          0          0          0          0   rtexit.o
        10          0          0          0          0          0   rtexit2.o
        12          4          0          0          0         68   sys_exit.o
        74          0          0          0          0         80   sys_stackheap_outer.o
         2          0          0          0          0         68   use_no_semi.o
        26          0          0          0          0        116   fpinit.o

    ----------------------------------------------------------------------
       282         16          0          0         96        700   Library Totals
         6          0          0          0          0          0   (incl. Padding)

    ----------------------------------------------------------------------

      Code (inc. data)   RO Data    RW Data    ZI Data      Debug   Library Name

       250         16          0          0         96        584   c_w.l
        26          0          0          0          0        116   fz_wm.l

    ----------------------------------------------------------------------
       282         16          0          0         96        700   Library Totals

    ----------------------------------------------------------------------

==============================================================================


      Code (inc. data)   RO Data    RW Data    ZI Data      Debug   

       940         42        408          0       1632      12118   Grand Totals
       940         42        408          0       1632      12118   ELF Image Totals
       940         42        408          0          0          0   ROM Totals

==============================================================================

    Total RO  Size (Code + RO Data)                 1348 (   1.32kB)
    Total RW  Size (RW Data + ZI Data)              1632 (   1.59kB)
    Total ROM Size (Code + RO Data + RW Data)       1348 (   1.32kB)

==============================================================================

