<html>
<body>
<pre>
<h1>µVision Build Log</h1>
<h2>Tool Versions:</h2>
IDE-Version: µVision V5.38.0.0
Copyright (C) 2022 ARM Ltd and ARM Germany GmbH. All rights reserved.
License Information: Safayat Bin Hakim, University at Buffalo, LIC=----
 
Tool Versions:
Toolchain:       MDK-Lite  Version: 5.38.0.0
Toolchain Path:  C:\Keil_v5\ARM\ARMCLANG\Bin
C Compiler:      ArmClang.exe V6.19
Assembler:       Armasm.exe V6.19
Linker/Locator:  ArmLink.exe V6.19
Library Manager: ArmAr.exe V6.19
Hex Converter:   FromElf.exe V6.19
CPU DLL:         SARMCM3.DLL V5.38.0.0
Dialog DLL:      DCM.DLL V1.17.5.0
Target DLL:      Segger\JL2CM3.dll V2.99.42.0
Dialog DLL:      TCM.DLL V1.56.4.0
 
<h2>Project:</h2>
C:\Users\safayat\Documents\KEIL-Projects\helloworld0\helloworld0.uvprojx
Project File Date:  05/07/2023

<h2>Output:</h2>
*** Using Compiler 'V6.19', folder: 'C:\Keil_v5\ARM\ARMCLANG\Bin'
Rebuild target 'Target 1'
semihost_hardfault.c(1): warning: // comments are not allowed in this language [-Wcomment]
// ****************************************************************************
^
semihost_hardfault.c(61): warning: unused function 'HardFault_Handler' [-Wunused-function]
static void HardFault_Handler(void) {
            ^
2 warnings generated.
compiling semihost_hardfault.c...
C:/Users/safayat/AppData/Local/Arm/Packs/Keil/STM32F4xx_DFP/2.17.0/Drivers/STM32F4xx_HAL_Driver/Src/stm32f4xx_hal_gpio.c(108): warning: In file included from...
C:/Users/safayat/AppData/Local/Arm/Packs/Keil/STM32F4xx_DFP/2.17.0/Drivers/STM32F4xx_HAL_Driver/Inc\stm32f4xx_hal.h(29): warning: In file included from...
./RTE/Device/STM32F407VETx\stm32f4xx_hal_conf.h(397): warning: In file included from...
C:/Users/safayat/AppData/Local/Arm/Packs/Keil/STM32F4xx_DFP/2.17.0/Drivers/STM32F4xx_HAL_Driver/Inc\stm32f4xx_hal_dma.h(109): warning: commas at the end of enumerator lists are a C99-specific feature [-Wc99-extensions]
  HAL_DMA_STATE_ABORT             = 0x05U,  /*!< DMA Abort state                     */
                                         ^~
1 warning generated.
compiling stm32f4xx_hal_gpio.c...
C:/Users/safayat/AppData/Local/Arm/Packs/Keil/STM32F4xx_DFP/2.17.0/Drivers/STM32F4xx_HAL_Driver/Src/stm32f4xx_hal_rcc_ex.c(23): warning: In file included from...
C:/Users/safayat/AppData/Local/Arm/Packs/Keil/STM32F4xx_DFP/2.17.0/Drivers/STM32F4xx_HAL_Driver/Inc\stm32f4xx_hal.h(29): warning: In file included from...
./RTE/Device/STM32F407VETx\stm32f4xx_hal_conf.h(397): warning: In file included from...
C:/Users/safayat/AppData/Local/Arm/Packs/Keil/STM32F4xx_DFP/2.17.0/Drivers/STM32F4xx_HAL_Driver/Inc\stm32f4xx_hal_dma.h(109): warning: commas at the end of enumerator lists are a C99-specific feature [-Wc99-extensions]
  HAL_DMA_STATE_ABORT             = 0x05U,  /*!< DMA Abort state                     */
                                         ^~
1 warning generated.
compiling stm32f4xx_hal_rcc_ex.c...
main.c(1): warning: In file included from...
C:/Users/safayat/AppData/Local/Arm/Packs/Keil/STM32F4xx_DFP/2.17.0/Drivers/CMSIS/Device/ST/STM32F4xx/Include\stm32f4xx.h(287): warning: In file included from...
C:/Users/safayat/AppData/Local/Arm/Packs/Keil/STM32F4xx_DFP/2.17.0/Drivers/STM32F4xx_HAL_Driver/Inc\stm32f4xx_hal.h(29): warning: In file included from...
./RTE/Device/STM32F407VETx\stm32f4xx_hal_conf.h(397): warning: In file included from...
C:/Users/safayat/AppData/Local/Arm/Packs/Keil/STM32F4xx_DFP/2.17.0/Drivers/STM32F4xx_HAL_Driver/Inc\stm32f4xx_hal_dma.h(109): warning: commas at the end of enumerator lists are a C99-specific feature [-Wc99-extensions]
  HAL_DMA_STATE_ABORT             = 0x05U,  /*!< DMA Abort state                     */
                                         ^~
main.c(10): warning: no previous extern declaration for non-static variable 'etm_tc_idx' [-Wmissing-variable-declarations]
unsigned int etm_tc_idx = 0;
             ^
main.c(10): note: declare 'static' if the variable is not intended to be used outside of this translation unit
unsigned int etm_tc_idx = 0;
^
main.c(11): warning: no previous extern declaration for non-static variable 'etm_exit' [-Wmissing-variable-declarations]
unsigned int etm_exit = 0;
             ^
main.c(11): note: declare 'static' if the variable is not intended to be used outside of this translation unit
unsigned int etm_exit = 0;
^
main.c(25): warning: mixing declarations and code is a C99 extension [-Wdeclaration-after-statement]
    unsigned int a = 0, b = 1, temp = 0;
                 ^
main.c(8): warning: no previous extern declaration for non-static variable 'etm_tc_len' [-Wmissing-variable-declarations]
unsigned int etm_tc_len __attribute__((section(".non_init")));
             ^
main.c(8): note: declare 'static' if the variable is not intended to be used outside of this translation unit
unsigned int etm_tc_len __attribute__((section(".non_init")));
^
main.c(9): warning: no previous extern declaration for non-static variable 'etm_tc' [-Wmissing-variable-declarations]
unsigned char etm_tc[2000] __attribute__((section(".non_init")));
              ^
main.c(9): note: declare 'static' if the variable is not intended to be used outside of this translation unit
unsigned char etm_tc[2000] __attribute__((section(".non_init")));
^
6 warnings generated.
compiling main.c...
C:/Users/safayat/AppData/Local/Arm/Packs/Keil/STM32F4xx_DFP/2.17.0/MDK/Boards/ST/32F469IDISCOVERY/Common/Buttons_32F469IDISCOVERY.c(35): warning: In file included from...
C:/Users/safayat/AppData/Local/Arm/Packs/Keil/STM32F4xx_DFP/2.17.0/Drivers/STM32F4xx_HAL_Driver/Inc\stm32f4xx_hal.h(29): warning: In file included from...
./RTE/Device/STM32F407VETx\stm32f4xx_hal_conf.h(397): warning: In file included from...
C:/Users/safayat/AppData/Local/Arm/Packs/Keil/STM32F4xx_DFP/2.17.0/Drivers/STM32F4xx_HAL_Driver/Inc\stm32f4xx_hal_dma.h(109): warning: commas at the end of enumerator lists are a C99-specific feature [-Wc99-extensions]
  HAL_DMA_STATE_ABORT             = 0x05U,  /*!< DMA Abort state                     */
                                         ^~
1 warning generated.
compiling Buttons_32F469IDISCOVERY.c...
C:/Users/safayat/AppData/Local/Arm/Packs/Keil/STM32F4xx_DFP/2.17.0/Drivers/STM32F4xx_HAL_Driver/Src/stm32f4xx_hal_pwr_ex.c(23): warning: In file included from...
C:/Users/safayat/AppData/Local/Arm/Packs/Keil/STM32F4xx_DFP/2.17.0/Drivers/STM32F4xx_HAL_Driver/Inc\stm32f4xx_hal.h(29): warning: In file included from...
./RTE/Device/STM32F407VETx\stm32f4xx_hal_conf.h(397): warning: In file included from...
C:/Users/safayat/AppData/Local/Arm/Packs/Keil/STM32F4xx_DFP/2.17.0/Drivers/STM32F4xx_HAL_Driver/Inc\stm32f4xx_hal_dma.h(109): warning: commas at the end of enumerator lists are a C99-specific feature [-Wc99-extensions]
  HAL_DMA_STATE_ABORT             = 0x05U,  /*!< DMA Abort state                     */
                                         ^~
1 warning generated.
compiling stm32f4xx_hal_pwr_ex.c...
C:/Users/safayat/AppData/Local/Arm/Packs/Keil/STM32F4xx_DFP/2.17.0/Drivers/STM32F4xx_HAL_Driver/Src/stm32f4xx_hal.c(36): warning: In file included from...
C:/Users/safayat/AppData/Local/Arm/Packs/Keil/STM32F4xx_DFP/2.17.0/Drivers/STM32F4xx_HAL_Driver/Inc\stm32f4xx_hal.h(29): warning: In file included from...
./RTE/Device/STM32F407VETx\stm32f4xx_hal_conf.h(397): warning: In file included from...
C:/Users/safayat/AppData/Local/Arm/Packs/Keil/STM32F4xx_DFP/2.17.0/Drivers/STM32F4xx_HAL_Driver/Inc\stm32f4xx_hal_dma.h(109): warning: commas at the end of enumerator lists are a C99-specific feature [-Wc99-extensions]
  HAL_DMA_STATE_ABORT             = 0x05U,  /*!< DMA Abort state                     */
                                         ^~
1 warning generated.
compiling stm32f4xx_hal.c...
assembling startup_stm32f407xx.s...
C:/Users/safayat/AppData/Local/Arm/Packs/Keil/STM32F4xx_DFP/2.17.0/Drivers/STM32F4xx_HAL_Driver/Src/stm32f4xx_hal_pwr.c(24): warning: In file included from...
C:/Users/safayat/AppData/Local/Arm/Packs/Keil/STM32F4xx_DFP/2.17.0/Drivers/STM32F4xx_HAL_Driver/Inc\stm32f4xx_hal.h(29): warning: In file included from...
./RTE/Device/STM32F407VETx\stm32f4xx_hal_conf.h(397): warning: In file included from...
C:/Users/safayat/AppData/Local/Arm/Packs/Keil/STM32F4xx_DFP/2.17.0/Drivers/STM32F4xx_HAL_Driver/Inc\stm32f4xx_hal_dma.h(109): warning: commas at the end of enumerator lists are a C99-specific feature [-Wc99-extensions]
  HAL_DMA_STATE_ABORT             = 0x05U,  /*!< DMA Abort state                     */
                                         ^~
C:/Users/safayat/AppData/Local/Arm/Packs/Keil/STM32F4xx_DFP/2.17.0/Drivers/STM32F4xx_HAL_Driver/Src/stm32f4xx_hal_pwr.c(379): warning: unused parameter 'Regulator' [-Wunused-parameter]
void HAL_PWR_EnterSLEEPMode(uint32_t Regulator, uint8_t SLEEPEntry)
                                     ^
2 warnings generated.
compiling stm32f4xx_hal_pwr.c...
C:/Users/safayat/AppData/Local/Arm/Packs/Keil/STM32F4xx_DFP/2.17.0/Drivers/STM32F4xx_HAL_Driver/Src/stm32f4xx_hal_cortex.c(81): warning: In file included from...
C:/Users/safayat/AppData/Local/Arm/Packs/Keil/STM32F4xx_DFP/2.17.0/Drivers/STM32F4xx_HAL_Driver/Inc\stm32f4xx_hal.h(29): warning: In file included from...
./RTE/Device/STM32F407VETx\stm32f4xx_hal_conf.h(397): warning: In file included from...
C:/Users/safayat/AppData/Local/Arm/Packs/Keil/STM32F4xx_DFP/2.17.0/Drivers/STM32F4xx_HAL_Driver/Inc\stm32f4xx_hal_dma.h(109): warning: commas at the end of enumerator lists are a C99-specific feature [-Wc99-extensions]
  HAL_DMA_STATE_ABORT             = 0x05U,  /*!< DMA Abort state                     */
                                         ^~
C:/Users/safayat/AppData/Local/Arm/Packs/Keil/STM32F4xx_DFP/2.17.0/Drivers/STM32F4xx_HAL_Driver/Src/stm32f4xx_hal_cortex.c(215): warning: function 'HAL_NVIC_SystemReset' could be declared with attribute 'noreturn' [-Wmissing-noreturn]
{
^
C:/Users/safayat/AppData/Local/Arm/Packs/Keil/STM32F4xx_DFP/2.17.0/Drivers/STM32F4xx_HAL_Driver/Src/stm32f4xx_hal_cortex.c(81): warning: In file included from...
C:/Users/safayat/AppData/Local/Arm/Packs/Keil/STM32F4xx_DFP/2.17.0/Drivers/STM32F4xx_HAL_Driver/Inc\stm32f4xx_hal.h(29): warning: In file included from...
./RTE/Device/STM32F407VETx\stm32f4xx_hal_conf.h(401): warning: In file included from...
C:/Users/safayat/AppData/Local/Arm/Packs/Keil/STM32F4xx_DFP/2.17.0/Drivers/STM32F4xx_HAL_Driver/Inc\stm32f4xx_hal_cortex.h(52): warning: padding struct 'MPU_Region_InitTypeDef' with 2 bytes to align 'BaseAddress' [-Wpadded]
  uint32_t               BaseAddress;           /*!< Specifies the base address of the region to protect.                           */
                         ^
3 warnings generated.
compiling stm32f4xx_hal_cortex.c...
C:/Users/safayat/AppData/Local/Arm/Packs/Keil/STM32F4xx_DFP/2.17.0/Drivers/STM32F4xx_HAL_Driver/Src/stm32f4xx_hal_dma.c(97): warning: In file included from...
C:/Users/safayat/AppData/Local/Arm/Packs/Keil/STM32F4xx_DFP/2.17.0/Drivers/STM32F4xx_HAL_Driver/Inc\stm32f4xx_hal.h(29): warning: In file included from...
./RTE/Device/STM32F407VETx\stm32f4xx_hal_conf.h(397): warning: In file included from...
C:/Users/safayat/AppData/Local/Arm/Packs/Keil/STM32F4xx_DFP/2.17.0/Drivers/STM32F4xx_HAL_Driver/Inc\stm32f4xx_hal_dma.h(109): warning: commas at the end of enumerator lists are a C99-specific feature [-Wc99-extensions]
  HAL_DMA_STATE_ABORT             = 0x05U,  /*!< DMA Abort state                     */
                                         ^~
C:/Users/safayat/AppData/Local/Arm/Packs/Keil/STM32F4xx_DFP/2.17.0/Drivers/STM32F4xx_HAL_Driver/Inc\stm32f4xx_hal_dma.h(148): warning: padding struct 'struct __DMA_HandleTypeDef' with 2 bytes to align 'Parent' [-Wpadded]
  void                       *Parent;                                                          /*!< Parent object state                    */ 
                              ^
C:/Users/safayat/AppData/Local/Arm/Packs/Keil/STM32F4xx_DFP/2.17.0/Drivers/STM32F4xx_HAL_Driver/Src/stm32f4xx_hal_dma.c(289): warning: cast from function call of type 'uint32_t' (aka 'unsigned int') to non-matching type 'DMA_Base_Registers *' [-Wbad-function-cast]
  regs = (DMA_Base_Registers *)DMA_CalcBaseAndBitshift(hdma);
                               ^~~~~~~~~~~~~~~~~~~~~~~~~~~~~
C:/Users/safayat/AppData/Local/Arm/Packs/Keil/STM32F4xx_DFP/2.17.0/Drivers/STM32F4xx_HAL_Driver/Src/stm32f4xx_hal_dma.c(351): warning: cast from function call of type 'uint32_t' (aka 'unsigned int') to non-matching type 'DMA_Base_Registers *' [-Wbad-function-cast]
  regs = (DMA_Base_Registers *)DMA_CalcBaseAndBitshift(hdma);
                               ^~~~~~~~~~~~~~~~~~~~~~~~~~~~~
C:/Users/safayat/AppData/Local/Arm/Packs/Keil/STM32F4xx_DFP/2.17.0/Drivers/STM32F4xx_HAL_Driver/Src/stm32f4xx_hal_dma.c(977): warning: enumeration value 'HAL_DMA_XFER_ALL_CB_ID' not explicitly handled in switch [-Wswitch-enum]
    switch (CallbackID)
            ^~~~~~~~~~
C:/Users/safayat/AppData/Local/Arm/Packs/Keil/STM32F4xx_DFP/2.17.0/Drivers/STM32F4xx_HAL_Driver/Src/stm32f4xx_hal_dma.c(1073): warning: default label in switch which covers all enumeration values [-Wcovered-switch-default]
    default:
    ^
6 warnings generated.
compiling stm32f4xx_hal_dma.c...
C:/Users/safayat/AppData/Local/Arm/Packs/Keil/STM32F4xx_DFP/2.17.0/Drivers/STM32F4xx_HAL_Driver/Src/stm32f4xx_hal_dma_ex.c(39): warning: In file included from...
C:/Users/safayat/AppData/Local/Arm/Packs/Keil/STM32F4xx_DFP/2.17.0/Drivers/STM32F4xx_HAL_Driver/Inc\stm32f4xx_hal.h(29): warning: In file included from...
./RTE/Device/STM32F407VETx\stm32f4xx_hal_conf.h(397): warning: In file included from...
C:/Users/safayat/AppData/Local/Arm/Packs/Keil/STM32F4xx_DFP/2.17.0/Drivers/STM32F4xx_HAL_Driver/Inc\stm32f4xx_hal_dma.h(109): warning: commas at the end of enumerator lists are a C99-specific feature [-Wc99-extensions]
  HAL_DMA_STATE_ABORT             = 0x05U,  /*!< DMA Abort state                     */
                                         ^~
C:/Users/safayat/AppData/Local/Arm/Packs/Keil/STM32F4xx_DFP/2.17.0/Drivers/STM32F4xx_HAL_Driver/Inc\stm32f4xx_hal_dma.h(148): warning: padding struct 'struct __DMA_HandleTypeDef' with 2 bytes to align 'Parent' [-Wpadded]
  void                       *Parent;                                                          /*!< Parent object state                    */ 
                              ^
2 warnings generated.
compiling stm32f4xx_hal_dma_ex.c...
C:/Users/safayat/AppData/Local/Arm/Packs/Keil/STM32F4xx_DFP/2.17.0/Drivers/STM32F4xx_HAL_Driver/Src/stm32f4xx_hal_rcc.c(67): warning: In file included from...
C:/Users/safayat/AppData/Local/Arm/Packs/Keil/STM32F4xx_DFP/2.17.0/Drivers/STM32F4xx_HAL_Driver/Inc\stm32f4xx_hal.h(29): warning: In file included from...
./RTE/Device/STM32F407VETx\stm32f4xx_hal_conf.h(397): warning: In file included from...
C:/Users/safayat/AppData/Local/Arm/Packs/Keil/STM32F4xx_DFP/2.17.0/Drivers/STM32F4xx_HAL_Driver/Inc\stm32f4xx_hal_dma.h(109): warning: commas at the end of enumerator lists are a C99-specific feature [-Wc99-extensions]
  HAL_DMA_STATE_ABORT             = 0x05U,  /*!< DMA Abort state                     */
                                         ^~
1 warning generated.
compiling stm32f4xx_hal_rcc.c...
RTE/Device/STM32F407VETx/system_stm32f4xx.c(48): warning: In file included from...
C:/Users/safayat/AppData/Local/Arm/Packs/Keil/STM32F4xx_DFP/2.17.0/Drivers/CMSIS/Device/ST/STM32F4xx/Include\stm32f4xx.h(287): warning: In file included from...
C:/Users/safayat/AppData/Local/Arm/Packs/Keil/STM32F4xx_DFP/2.17.0/Drivers/STM32F4xx_HAL_Driver/Inc\stm32f4xx_hal.h(29): warning: In file included from...
./RTE/Device/STM32F407VETx\stm32f4xx_hal_conf.h(397): warning: In file included from...
C:/Users/safayat/AppData/Local/Arm/Packs/Keil/STM32F4xx_DFP/2.17.0/Drivers/STM32F4xx_HAL_Driver/Inc\stm32f4xx_hal_dma.h(109): warning: commas at the end of enumerator lists are a C99-specific feature [-Wc99-extensions]
  HAL_DMA_STATE_ABORT             = 0x05U,  /*!< DMA Abort state                     */
                                         ^~
1 warning generated.
compiling system_stm32f4xx.c...
C:/Users/safayat/AppData/Local/Arm/Packs/Keil/STM32F4xx_DFP/2.17.0/Drivers/STM32F4xx_HAL_Driver/Src/stm32f4xx_hal_uart.c(258): warning: In file included from...
C:/Users/safayat/AppData/Local/Arm/Packs/Keil/STM32F4xx_DFP/2.17.0/Drivers/STM32F4xx_HAL_Driver/Inc\stm32f4xx_hal.h(29): warning: In file included from...
./RTE/Device/STM32F407VETx\stm32f4xx_hal_conf.h(397): warning: In file included from...
C:/Users/safayat/AppData/Local/Arm/Packs/Keil/STM32F4xx_DFP/2.17.0/Drivers/STM32F4xx_HAL_Driver/Inc\stm32f4xx_hal_dma.h(109): warning: commas at the end of enumerator lists are a C99-specific feature [-Wc99-extensions]
  HAL_DMA_STATE_ABORT             = 0x05U,  /*!< DMA Abort state                     */
                                         ^~
C:/Users/safayat/AppData/Local/Arm/Packs/Keil/STM32F4xx_DFP/2.17.0/Drivers/STM32F4xx_HAL_Driver/Src/stm32f4xx_hal_uart.c(258): warning: In file included from...
C:/Users/safayat/AppData/Local/Arm/Packs/Keil/STM32F4xx_DFP/2.17.0/Drivers/STM32F4xx_HAL_Driver/Inc\stm32f4xx_hal.h(29): warning: In file included from...
./RTE/Device/STM32F407VETx\stm32f4xx_hal_conf.h(517): warning: In file included from...
C:/Users/safayat/AppData/Local/Arm/Packs/Keil/STM32F4xx_DFP/2.17.0/Drivers/STM32F4xx_HAL_Driver/Inc\stm32f4xx_hal_uart.h(182): warning: padding struct 'struct __UART_HandleTypeDef' with 1 byte to align 'ErrorCode' [-Wpadded]
  __IO uint32_t                 ErrorCode;        /*!< UART Error code                    */
                                ^
C:/Users/safayat/AppData/Local/Arm/Packs/Keil/STM32F4xx_DFP/2.17.0/Drivers/STM32F4xx_HAL_Driver/Src/stm32f4xx_hal_uart.c(258): warning: In file included from...
C:/Users/safayat/AppData/Local/Arm/Packs/Keil/STM32F4xx_DFP/2.17.0/Drivers/STM32F4xx_HAL_Driver/Inc\stm32f4xx_hal.h(29): warning: In file included from...
./RTE/Device/STM32F407VETx\stm32f4xx_hal_conf.h(397): warning: In file included from...
C:/Users/safayat/AppData/Local/Arm/Packs/Keil/STM32F4xx_DFP/2.17.0/Drivers/STM32F4xx_HAL_Driver/Inc\stm32f4xx_hal_dma.h(148): warning: padding struct 'struct __DMA_HandleTypeDef' with 2 bytes to align 'Parent' [-Wpadded]
  void                       *Parent;                                                          /*!< Parent object state                    */ 
                              ^
C:/Users/safayat/AppData/Local/Arm/Packs/Keil/STM32F4xx_DFP/2.17.0/Drivers/STM32F4xx_HAL_Driver/Src/stm32f4xx_hal_uart.c(1166): warning: cast from 'const uint8_t *' (aka 'const unsigned char *') to 'const uint16_t *' (aka 'const unsigned short *') increases required alignment from 1 to 2 [-Wcast-align]
      pdata16bits = (const uint16_t *) pData;
                    ^~~~~~~~~~~~~~~~~~~~~~~~
C:/Users/safayat/AppData/Local/Arm/Packs/Keil/STM32F4xx_DFP/2.17.0/Drivers/STM32F4xx_HAL_Driver/Src/stm32f4xx_hal_uart.c(1255): warning: cast from 'uint8_t *' (aka 'unsigned char *') to 'uint16_t *' (aka 'unsigned short *') increases required alignment from 1 to 2 [-Wcast-align]
      pdata16bits = (uint16_t *) pData;
                    ^~~~~~~~~~~~~~~~~~
C:/Users/safayat/AppData/Local/Arm/Packs/Keil/STM32F4xx_DFP/2.17.0/Drivers/STM32F4xx_HAL_Driver/Src/stm32f4xx_hal_uart.c(1655): warning: cast from 'uint8_t *' (aka 'unsigned char *') to 'uint16_t *' (aka 'unsigned short *') increases required alignment from 1 to 2 [-Wcast-align]
      pdata16bits = (uint16_t *) pData;
                    ^~~~~~~~~~~~~~~~~~
C:/Users/safayat/AppData/Local/Arm/Packs/Keil/STM32F4xx_DFP/2.17.0/Drivers/STM32F4xx_HAL_Driver/Src/stm32f4xx_hal_uart.c(3521): warning: cast from 'const uint8_t *' (aka 'const unsigned char *') to 'const uint16_t *' (aka 'const unsigned short *') increases required alignment from 1 to 2 [-Wcast-align]
      tmp = (const uint16_t *) huart->pTxBuffPtr;
            ^~~~~~~~~~~~~~~~~~~~~~~~~~~~~~~~~~~~
C:/Users/safayat/AppData/Local/Arm/Packs/Keil/STM32F4xx_DFP/2.17.0/Drivers/STM32F4xx_HAL_Driver/Src/stm32f4xx_hal_uart.c(3588): warning: cast from 'uint8_t *' (aka 'unsigned char *') to 'uint16_t *' (aka 'unsigned short *') increases required alignment from 1 to 2 [-Wcast-align]
      pdata16bits = (uint16_t *) huart->pRxBuffPtr;
                    ^~~~~~~~~~~~~~~~~~~~~~~~~~~~~~
8 warnings generated.
compiling stm32f4xx_hal_uart.c...
C:/Users/safayat/AppData/Local/Arm/Packs/Keil/STM32F4xx_DFP/2.17.0/Drivers/STM32F4xx_HAL_Driver/Src/stm32f4xx_hal_i2c.c(301): warning: In file included from...
C:/Users/safayat/AppData/Local/Arm/Packs/Keil/STM32F4xx_DFP/2.17.0/Drivers/STM32F4xx_HAL_Driver/Inc\stm32f4xx_hal.h(29): warning: In file included from...
./RTE/Device/STM32F407VETx\stm32f4xx_hal_conf.h(397): warning: In file included from...
C:/Users/safayat/AppData/Local/Arm/Packs/Keil/STM32F4xx_DFP/2.17.0/Drivers/STM32F4xx_HAL_Driver/Inc\stm32f4xx_hal_dma.h(109): warning: commas at the end of enumerator lists are a C99-specific feature [-Wc99-extensions]
  HAL_DMA_STATE_ABORT             = 0x05U,  /*!< DMA Abort state                     */
                                         ^~
C:/Users/safayat/AppData/Local/Arm/Packs/Keil/STM32F4xx_DFP/2.17.0/Drivers/STM32F4xx_HAL_Driver/Src/stm32f4xx_hal_i2c.c(301): warning: In file included from...
C:/Users/safayat/AppData/Local/Arm/Packs/Keil/STM32F4xx_DFP/2.17.0/Drivers/STM32F4xx_HAL_Driver/Inc\stm32f4xx_hal.h(29): warning: In file included from...
./RTE/Device/STM32F407VETx\stm32f4xx_hal_conf.h(469): warning: In file included from...
C:/Users/safayat/AppData/Local/Arm/Packs/Keil/STM32F4xx_DFP/2.17.0/Drivers/STM32F4xx_HAL_Driver/Inc\stm32f4xx_hal_i2c.h(215): warning: padding struct 'I2C_HandleTypeDef' with 1 byte to align 'ErrorCode' [-Wpadded]
  __IO uint32_t              ErrorCode;      /*!< I2C Error code                           */
                             ^
C:/Users/safayat/AppData/Local/Arm/Packs/Keil/STM32F4xx_DFP/2.17.0/Drivers/STM32F4xx_HAL_Driver/Src/stm32f4xx_hal_i2c.c(301): warning: In file included from...
C:/Users/safayat/AppData/Local/Arm/Packs/Keil/STM32F4xx_DFP/2.17.0/Drivers/STM32F4xx_HAL_Driver/Inc\stm32f4xx_hal.h(29): warning: In file included from...
./RTE/Device/STM32F407VETx\stm32f4xx_hal_conf.h(397): warning: In file included from...
C:/Users/safayat/AppData/Local/Arm/Packs/Keil/STM32F4xx_DFP/2.17.0/Drivers/STM32F4xx_HAL_Driver/Inc\stm32f4xx_hal_dma.h(148): warning: padding struct 'struct __DMA_HandleTypeDef' with 2 bytes to align 'Parent' [-Wpadded]
  void                       *Parent;                                                          /*!< Parent object state                    */ 
                              ^
3 warnings generated.
compiling stm32f4xx_hal_i2c.c...
linking...
Program Size: Code=560 RO-data=424 RW-data=2004 ZI-data=1632  
".\Objects\helloworld-fibonacci.axf" - 0 Error(s), 39 Warning(s).

<h2>Software Packages used:</h2>

Package Vendor: ARM
                http://www.keil.com/pack/ARM.CMSIS.5.9.0.pack
                ARM.CMSIS.5.9.0
                CMSIS (Common Microcontroller Software Interface Standard)
   * Component: CORE Version: 5.6.0

Package Vendor: Keil
                https://www.keil.com/pack/Keil.MDK-Middleware.7.16.0.pack
                Keil.MDK-Middleware.7.16.0
                Middleware for Keil MDK-Professional and MDK-Plus
   * Component: Buttons Version: 1.0.0

Package Vendor: Keil
                https://www.keil.com/pack/Keil.STM32F4xx_DFP.2.17.0.pack
                Keil.STM32F4xx_DFP.2.17.0
                STMicroelectronics STM32F4 Series Device Support, Drivers and Examples
   * Component: STM32Cube Framework Version: 1.0.0
   * Component: Buttons Version: 1.0.0
   * Component: Classic Version: 1.8.1
   * Component: Common Version: 1.8.1
   * Component: Cortex Version: 1.8.1
   * Component: DMA Version: 1.8.1
   * Component: GPIO Version: 1.8.1
   * Component: I2C Version: 1.8.1
   * Component: PWR Version: 1.8.1
   * Component: RCC Version: 1.8.1
   * Component: UART Version: 1.8.1
   * Component: Startup Version: 2.6.3

<h2>Collection of Component include folders:</h2>
  ./RTE/Device/STM32F407VETx
  ./RTE/_Target_1
  C:/Users/safayat/AppData/Local/Arm/Packs/ARM/CMSIS/5.9.0/CMSIS/Core/Include
  C:/Users/safayat/AppData/Local/Arm/Packs/Keil/MDK-Middleware/7.16.0/Board
  C:/Users/safayat/AppData/Local/Arm/Packs/Keil/STM32F4xx_DFP/2.17.0/Drivers/CMSIS/Device/ST/STM32F4xx/Include
  C:/Users/safayat/AppData/Local/Arm/Packs/Keil/STM32F4xx_DFP/2.17.0/Drivers/STM32F4xx_HAL_Driver/Inc

<h2>Collection of Component Files used:</h2>

   * Component: ::Board Support:Buttons:1.0.0 (API)
      Include file:  Board/Board_Buttons.h

   * Component: ::Device:STM32Cube Framework:1.0.0 (API)

   * Component: ARM::CMSIS:CORE:5.6.0

   * Component: Keil.32F469IDISCOVERY::Board Support:Buttons:1.0.0
      Source file:   MDK/Boards/ST/32F469IDISCOVERY/Common/Buttons_32F469IDISCOVERY.c

   * Component: Keil::Device:STM32Cube Framework:Classic:1.8.1
      Include file:  MDK/Templates/Inc/main.h
      Include file:  CMSIS/Driver/Config/RTE_Device.h
      Include file:  MDK/Templates/Inc/stm32f4xx_it.h
      Include file:  MDK/Templates/Inc/stm32f4xx_hal_conf.h
      Source file:   MDK/Templates/Src/stm32f4xx_hal_msp.c
      Source file:   MDK/Templates/Src/stm32f4xx_it.c
      Source file:   MDK/Templates/Src/main.c
      Include file:  MDK/Templates_LL/Inc/main.h
      Source file:   MDK/Templates_LL/Src/main.c

   * Component: Keil::Device:STM32Cube HAL:Common:1.8.1
      Include file:  Drivers/STM32F4xx_HAL_Driver/Inc/stm32f4xx_hal.h
      Source file:   Drivers/STM32F4xx_HAL_Driver/Src/stm32f4xx_hal.c

   * Component: Keil::Device:STM32Cube HAL:Cortex:1.8.1
      Source file:   Drivers/STM32F4xx_HAL_Driver/Src/stm32f4xx_hal_cortex.c

   * Component: Keil::Device:STM32Cube HAL:DMA:1.8.1
      Source file:   Drivers/STM32F4xx_HAL_Driver/Src/stm32f4xx_hal_dma.c
      Source file:   Drivers/STM32F4xx_HAL_Driver/Src/stm32f4xx_hal_dma_ex.c

   * Component: Keil::Device:STM32Cube HAL:GPIO:1.8.1
      Source file:   Drivers/STM32F4xx_HAL_Driver/Src/stm32f4xx_hal_gpio.c

   * Component: Keil::Device:STM32Cube HAL:I2C:1.8.1
      Source file:   Drivers/STM32F4xx_HAL_Driver/Src/stm32f4xx_hal_i2c.c

   * Component: Keil::Device:STM32Cube HAL:PWR:1.8.1
      Source file:   Drivers/STM32F4xx_HAL_Driver/Src/stm32f4xx_hal_pwr.c
      Source file:   Drivers/STM32F4xx_HAL_Driver/Src/stm32f4xx_hal_pwr_ex.c

   * Component: Keil::Device:STM32Cube HAL:RCC:1.8.1
      Source file:   Drivers/STM32F4xx_HAL_Driver/Src/stm32f4xx_hal_rcc.c
      Source file:   Drivers/STM32F4xx_HAL_Driver/Src/stm32f4xx_hal_rcc_ex.c

   * Component: Keil::Device:STM32Cube HAL:UART:1.8.1
      Source file:   Drivers/STM32F4xx_HAL_Driver/Src/stm32f4xx_hal_uart.c

   * Component: Keil::Device:Startup:2.6.3
      Source file:   MDK/Device/Source/ARM/STM32F4xx_OTP.s
      Include file:  Drivers/CMSIS/Device/ST/STM32F4xx/Include/stm32f4xx.h
      Source file:   MDK/Device/Source/ARM/STM32F40xxx_41xxx_OPT.s
      Source file:   Drivers/CMSIS/Device/ST/STM32F4xx/Source/Templates/arm/startup_stm32f407xx.s
      Source file:   Drivers/CMSIS/Device/ST/STM32F4xx/Source/Templates/system_stm32f4xx.c
Build Time Elapsed:  00:00:02
</pre>
</body>
</html>
